/* File generated with Shader Minifier 1.1.6
 * http://www.ctrl-alt-test.fr
 */
#ifndef F_BLURPASS_CPP_EXPECTED_
# define F_BLURPASS_CPP_EXPECTED_
# define VAR_DSP "i"
# define VAR_DSP2 "c"
# define VAR_FLO "l"
# define VAR_LIMIT "f"
# define VAR_POSY "z"
# define VAR_FTTIME "s"
# define VAR_TEXTURE2D_1 "t"
# define VAR_TEXTURE2D_2 "y"
# define VAR_TEXTURE2D_RANDOM "x"
# define VAR_TEXTURE2D_S "p"
# define VAR_TEXTURE2D_VELOCITIES "o"
# define VAR_TTIME "v"

const char *f_blurpass_cpp =
 "#version 110\n"
 "#define float4 vec4\n"
 "#define float3 vec3\n"
 "#define float2 vec2\n"
 "#define oUV gl_TexCoord[0]\n"
 "#define tex3D texture3D\n"
 "#define tex2D texture2D\n"
 "#define tex1D texture1D\n"
 "uniform sampler2D t,p,o,y,x;"
 "uniform float f,l,z,v,s,i,c;"
 "void main()"
 "{"
   "float2 f=oUV.xy;"
   "float4 x=tex2D(t,f.xy);"
   "x=float4(0.);"
   "float3 V=tex2D(o,f.xy).xyz;"
   "V.xyz-=float3(.5);"
   "V*=2.;"
   "float y=length(V.xyz);"
   "y=clamp(y,0.,1.);"
   "if(y>.01)"
     "{"
       "for(int e=0;e<10;e++)"
         "f.xy-=V.xy*.01,x+=tex2D(t,f.xy);"
       "x*=.1;"
     "}"
   "else"
     " x=tex2D(t,f.xy);"
   "f=oUV.xy;"
   "if(s>186.)"
     "if(s<242.)"
       "if(f.x>.5)"
         "f.x=1.-f.x;"
   "float e=tex2D(t,f.xy).x;"
   "if(v>169.)"
     "if(v<184.)"
       "{"
         "if(f.y>.5)"
           "f.y=1.-f.y;"
       "}"
   "if(v<197.)"
     "if(v>184.)"
       "{"
         "if(f.x>.5)"
           "f.x=1.-f.x;"
       "}"
   "if(v<86.)"
     "if(v>26.5)"
       "if(f.x>.5)"
         "f.x=1.-f.x;"
   "if(v>98.)"
     "if(v<106.)"
       "{"
         "float g=(f.x-.5)/(f.y-.5);"
         "g=atan(g);"
         "float l=length(f.xy-vec2(.5));"
         "vec2 m;"
         "m.x=l*sin(g)+.5;"
         "m.y=l*cos(g)+.5;"
         "f=m;"
       "}"
   "x=tex2D(t,f.xy);"
   "x+=tex2D(p,f.xy);"
   "vec4 g=x;"
   "if(v>86.&&v<104.)"
     "{"
       "float l=x.y;"
       "x=tex2D(t,f.xy);"
       "x+=tex2D(p,f.xy);"
       "vec4 m=vec4(tex2D(t,f.xy).x)+vec4(tex2D(p,f.xy).x);"
       "if(l>.9)"
         "x*=100.;"
       "float z=(v-92.)*.125;"
       "z=clamp(z,0.,1.);"
       "x=x+(m-x)*z;"
     "}"
   "if(v>104.)"
     "{"
       "float l=x.y,z=x.z,m=(v-123.)*.25;"
       "m=clamp(m,0.,1.);"
       "m=0.;"
       "float a=f.x;"
       "if(s<186.)"
         "if(f.x>.5+m)"
           "f.x=1.-f.x;"
       "x=vec4(tex2D(t,f.xy).x)+vec4(tex2D(p,f.xy).x);"
       "if(l>.9)"
         "x*=1.7*vec4(.7,.8,1.,0.);"
       "m=(v-131.)*.3;"
       "if(s>186.)"
         ";"
       "m=(v-129.)*.25;"
       "m=clamp(m,0.,1.);"
       "x=x+(g-x)*m;"
     "}"
   "x+=vec4(i*i*oUV.y)*.25;"
   "float m=1.9;"
   "if(v>140.)"
     "m=1.2;"
   "if(x.z>m)"
     "{"
       "float l=pow(sin(f.x*5.),5.);"
       "if(l>.5)"
         "l=-1.;"
       "else"
         " l=1.;"
       "float z=pow(1.1*sin(5.*v+2000.*f.x)*sin(2000.*f.y),8.);"
       "z*=pow(1.1*sin(l*-15.*v+200.*f.x)*sin(l*-10.*v+200.*f.y),8.);"
       "if(z>0.)"
         "x*=0.;"
     "}"
   "if(v<250.)"
     "if(length(x)<.1)"
       "{"
         "float l=pow(sin(f.x*15.),5.);"
         "if(l>.5)"
           "l=-1.;"
         "else"
           " l=1.;"
         "float z=pow(1.1*sin(5.*v+2000.*f.x)*sin(2000.*f.y),8.);"
         "z*=pow(1.1*sin(l*-5.*v+400.*f.x)*sin(l*-10.*v+400.*f.y),8.);"
         "float a=(v-32.)*.125;"
         "a=clamp(a,0.,1.);"
         "if(z>.04)"
           "x+=a*vec4(.43)*vec4(.7,1.,1.,1.)*pow(1.-oUV.y,2.);"
       "}"
   "float l=v-230.;"
   "l=clamp(l,0.,1.);"
   "if(s>230.)"
     "x*=l;"
   "float z=min(length(vec2(2.,.5)*(oUV.xy-vec2(.5,.4))),length(vec2(.5,2.)*(oUV.xy-vec2(.5,.4))));"
   "z=1.-z;"
   "z=clamp(z,0.,1.);"
   "z=pow(z,2.);"
   "z=length(vec2(2.,.5)*(oUV.xy-vec2(.5,.4)));"
   "z=1.-z;"
   "z=clamp(z,0.,1.);"
   "z=pow(z,3.);"
   "if(s<130.)"
     "x*=1.+2.*c*z*vec4(.5,.7,1.,1.);"
   "if(s>190.)"
     "x*=1.+2.*c*z*vec4(.5,.7,1.,1.);"
   "vec4 a=vec4(pow(x.x*1.1,3.),pow(x.y*1.1,3.),pow(x.z*1.1,3.),pow(x.z*1.1,2.));"
   "if(v>86.)"
     "x=vec4(x.x)+(a-vec4(x.x))*.3;"
   "else"
     " x=vec4(x.y)+(.8*a-vec4(x.y))*.25;"
   "gl_FragData[0]=x;"
   "gl_FragData[1]=x;"
 "}";

#endif // F_BLURPASS_CPP_EXPECTED_
