/* File generated with Shader Minifier 1.1.6
 * http://www.ctrl-alt-test.fr
 */
#ifndef F_COMBINESSAO_CPP_EXPECTED_
# define F_COMBINESSAO_CPP_EXPECTED_
# define VAR_LIMIT "y"
# define VAR_PROJECTIONMATRIX "f"
# define VAR_FTTIME "a"
# define VAR_TEXTURE2D_1 "v"
# define VAR_TEXTURE2D_2 "o"
# define VAR_TEXTURE2D_3 "t"
# define VAR_TEXTURE2D_PROJECTED "n"
# define VAR_TEXTURE2D_RANDOM "d"

const char *f_combineSSAO_cpp =
 "#version 110\n"
 "#define float4 vec4\n"
 "#define float3 vec3\n"
 "#define float2 vec2\n"
 "#define oUV gl_TexCoord[0]\n"
 "#define tex3D texture3D\n"
 "#define tex2D texture2D\n"
 "#define tex1D texture1D\n"
 "#define SSAO se=ep+ddd*sign (dot (ray,norm))*ray;occluderFragment=tex2D(texture2d_1,se.xy);shadow=occluderFragment.w;occluderFragment.a=tex2D (texture2d_2,se.xy).x;occNorm=(occluderFragment.xyz*2.0)-vec3 (1.0);depthDifference=depth-occluderFragment.a;normDiff=1.0-1.0*dot(occNorm,norm);addition=step(0.00002,depthDifference)*normDiff*(1.0-smoothstep(0.000002,0.20,depthDifference));bl+=addition;\n"
 "uniform sampler2D v,o,t,n,d;"
 "uniform float y,a;"
 "uniform mat4 f;"
 "void main()"
 "{"
   "float4 f;"
   "float n;"
   "vec3 m=normalize(texture2D(d,oUV.xy*2.+float2(y)).xyz*2.-vec3(1.));"
   "n=tex2D(o,oUV.xy).x;"
   "vec3 e=vec3(oUV.xy,n);"
   "float r=0.;"
   "vec3 s,x,w;"
   "float g,c;"
   "float3 i=(tex2D(v,oUV.xy).xyz-.5)*2.;"
   "float4 S=float4(0.);"
   "r=1.;"
   "float l=.002,D,u;"
   "vec4 U;"
   "bool b;"
   "b=true;"
   "if(b)"
     "{"
       "s=reflect(vec3(.538125,.18566,-.43192),m);"
       "SSAO V=reflect(vec3(.137907,.248642,.443018),m),F=reflect(vec3(.33715,.567941,-.0057895),m),p=reflect(vec3(-.699981,-.0451144,-.00199656),m),h=reflect(vec3(.0689631,-.159831,-.854778),m),z=reflect(vec3(.0560994,.00695497,-.184335),m),A=reflect(vec3(-.0146536,.140278,.0762037),m),N=reflect(vec3(.0100199,-.192422,-.0344434),m),O=reflect(vec3(-.357756,-.530197,-.435812),m),C=reflect(vec3(-.316922,.106361,.0158609),m),T=reflect(vec3(.0103503,-.586983,.00462939),m),j=reflect(vec3(-.0897291,-.494082,.32879),m),k=reflect(vec3(.711999,-.015469,-.0918372),m),q=reflect(vec3(-.0533823,.0596758,-.54119),m),B=reflect(vec3(.0352677,-.0631886,.546027),m),E=1.-E*.09*5.1;"
     "}"
   "i=normalize(i);"
   "float z=1.;"
   "gl_FragData[0]=r*z*tex2D(t,oUV.xy);"
   "gl_FragData[0]=tex2D(v,oUV.xy);"
   "gl_FragData[1]=tex2D(t,oUV.xy);"
   "int p=0;"
   "vec4 V=vec4(0.),F=vec4(0.);"
   "for(int h=-3;h<4;h++)"
     "{"
       "for(int A=-3;A<4;A++)"
         "{"
           "p++;"
           "float2 N=float2(A,h)*.0005+oUV.xy;"
           "V+=tex2D(v,N);"
         "}"
     "}"
   "V/=float(p);"
   "F/=float(p);"
   "vec4 h=tex2D(v,oUV.xy);"
   "V*=2.;"
   "V-=vec4(1.);"
   "h*=2.;"
   "h-=vec4(1.);"
   "float A=length(V.xyz-h.xyz);"
   "A=4.+3.8*(1.-max(A,abs(dot(V,h))));"
   "A+=.4;"
   "gl_FragData[0]=tex2D(t,oUV.xy)*vec4(A);"
   "gl_FragData[0]*=1.-vec4(pow(tex2D(o,oUV.xy).x,30.));"
   "if(a>260.)"
     "gl_FragData[0]=tex2D(t,oUV.xy);"
 "}";

#endif // F_COMBINESSAO_CPP_EXPECTED_
