/* File generated with Shader Minifier 1.1.6
 * http://www.ctrl-alt-test.fr
 */
#ifndef F_GODRAYS_CPP_EXPECTED_
# define F_GODRAYS_CPP_EXPECTED_
# define VAR_LIMIT "f"
# define VAR_TEXTURE2D_1 "t"

const char *f_godrays_cpp =
 "#version 110\n"
 "#define float4 vec4\n"
 "#define float3 vec3\n"
 "#define float2 vec2\n"
 "#define oUV gl_TexCoord[0]\n"
 "#define tex3D texture3D\n"
 "#define tex2D texture2D\n"
 "#define tex1D texture1D\n"
 "uniform sampler2D t;"
 "uniform float f;"
 "void main()"
 "{"
   "float f=.102,o=1.-pow(length(oUV.xy-float2(.5,.5)),1.);"
   "float2 V=float2(.5,.5);"
   "f*=o*o;"
   "float2 v=float2(f,0.),e=float2(0.,f);"
   "V.y*=1.;"
   "vec4 g=float4(0.);"
   "float4 m=tex2D(t,oUV.xy);"
   "g+=.191*tex2D(t,oUV.xy);"
   "g+=.18145*tex2D(t,.06975*V+.93025*oUV.xy);"
   "g+=.1719*tex2D(t,.1395*V+.98605*oUV.xy);"
   "g+=.16235*tex2D(t,.20925*V+.79075*oUV.xy);"
   "g+=.1528*tex2D(t,.279*V+.721*oUV.xy);"
   "g+=.14325*tex2D(t,.34875*V+.65125*oUV.xy);"
   "g+=.1337*tex2D(t,.4185*V+.5815*oUV.xy);"
   "g=tex2D(t,oUV.xy)+g*.7*float4(.4,.6,1.,0.);"
   "g=vec4(0.);"
   "int y=0;"
   "float2 i=oUV.xy-float2(.5,.5);"
   "i*=-1.;"
   "for(int l=0;l<18;l++)"
     "{"
       "y++;"
       "float2 s=i*float(l)*.05;"
       "float4 u=tex2D(t,oUV.xy+s);"
       "u*=u*1.5;"
       "g+=u;"
     "}"
   "g/=float(y);"
   "g=tex2D(t,oUV.xy)*.9+g*3.5;"
   "gl_FragData[0]=g;"
   "gl_FragData[1]=g;"
 "}";

#endif // F_GODRAYS_CPP_EXPECTED_
