/* File generated with Shader Minifier 1.1.6
 * http://www.ctrl-alt-test.fr
 */
#ifndef F_SIMPLEBLUR_CPP_EXPECTED_
# define F_SIMPLEBLUR_CPP_EXPECTED_
# define VAR_LIMIT "f"
# define VAR_TEXTURE2D_1 "t"

const char *f_simpleblur_cpp =
 "#version 110\n"
 "#define float4 vec4\n"
 "#define float3 vec3\n"
 "#define float2 vec2\n"
 "#define oUV gl_TexCoord[0]\n"
 "#define tex3D texture3D\n"
 "#define tex2D texture2D\n"
 "#define tex1D texture1D\n"
 "uniform sampler2D t;"
 "uniform float f;"
 "void main()"
 "{"
   "float4 f;"
   "f=vec4(0.);"
   "int v=0;"
   "for(int o=-6;o<7;o++)"
     "{"
       "for(int i=-6;i<7;i++)"
         "{"
           "v++;"
           "float2 g=float2(i,o)*1.5,w=g*.15;"
           "float4 m=tex2D(t,oUV.xy+w);"
           "f+=m;"
         "}"
     "}"
   "f/=float(v);"
   "f=float4(1.,0.,0.,0.);"
   "f.w=tex2D(t,oUV.xy).w;"
   "gl_FragData[0]=f;"
   "gl_FragData[1]=f;"
 "}";

#endif // F_SIMPLEBLUR_CPP_EXPECTED_
