/* File generated with Shader Minifier 1.1.6
 * http://www.ctrl-alt-test.fr
 */
#ifndef V_VELOCITIES_CPP_EXPECTED_
# define V_VELOCITIES_CPP_EXPECTED_
# define VAR_PROJECTIONMATRIX "m"
# define VAR_NORMAL "z"
# define VAR_POSITION "f"
# define VAR_TEXTURE_COORDINATE_1 "v"
# define VAR_THECOLOR "e"

const char *v_velocities_cpp =
 "#define float4 vec4\n"
 "#define float3 vec3\n"
 "#define float2 vec2\n"
 "varying vec3 z;"
 "varying vec2 v;"
 "varying vec4 f,e;"
 "uniform mat4 m;"
 "void main()"
 "{"
   "mat4 z;"
   "vec4 v=gl_Vertex,m;"
   "float4 g=gl_TextureMatrix[0]*gl_Vertex,l=gl_TextureMatrix[1]*gl_Vertex;"
   "float3 f=g.xyz-l.xyz;"
   "float4 x=float4(0.,0.,0.,0.)-gl_Vertex.xyzz;"
   "x=-gl_Normal.xyzz;"
   "float n=dot(f.xyz,x.xyz);"
   "float4 d;"
   "float t=0.;"
   "if(n>-0.)"
     "d=g+(l-g),t=1.;"
   "else"
     " t=.3,d=g;"
   "gl_Position=gl_ModelViewProjectionMatrix*d;"
   "float3 i=d.xyz-g.xyz;"
   "float4 u=i.xyzz;"
   "u=gl_ModelViewProjectionMatrix*u;"
   "i.xyz=u.xyz;"
   "i+=float3(1.);"
   "i*=.5;"
   "e=i.xyzz;"
 "}";

#endif // V_VELOCITIES_CPP_EXPECTED_
