// Generated with  (https://github.com/laurentlb/Shader_Minifier/)
var var_RESOLUTION = "s"
var var_TEX0 = "f"
var var_TEX1 = "C"
var var_TEX2 = "D"
var var_TEX3 = "y"
var var_TIME = "v"

var disco_frag = `uniform vec2 s;uniform float v;uniform sampler2D f,C,D,y;vec4 n(vec2 s,float f){float c=v*sign(f),a=s.x*320.*.0065*f,i=s.y*240.*.006*f,y=sqrt(a*a+i*i);if(y>1.)return vec4(0);{float r=-.4*sign(f)+sin(c*.05),n=sqrt(1.-a*a-i*i),u=i*sin(r)-n*cos(r);i=i*cos(r)+n*sin(r);n=acos(i);r=acos(a/sin(n))/6.283*120.*sign(u)-c;n=n*60./3.1415;u=cos(floor(n/3.1415));y=pow(abs(cos(r)*sin(n)),.2)*.1/(u+sin(float(int((r+1.57075)/3.1415))+c*.6+cos(u*25.)))*pow(1.-y,.9);return y<0.?vec4(-y/2.*abs(cos(c*.1)),0,-y*2.*abs(sin(c*.04)),1):vec4(y,y*2.,y*2.,1);}}void main(){vec2 f=-1.+2.*gl_FragCoord.xy/s.xy;vec4 r=vec4(0);for(int i=80;i>0;i--)r+=n(f,1.-float(i)/80.)*(.008-float(i)*5e-5);vec4 i=n(f,1.);gl_FragColor=(i.w==0.?n(f,-.2)*.02:i)+sqrt(r);}`
