// Generated with  (https://github.com/laurentlb/Shader_Minifier/)
#ifndef ELEVATED_HLSL_EXPECTED_
# define ELEVATED_HLSL_EXPECTED_
# define VAR_q "t"
# define VAR_t0 "f"
# define VAR_t1 "m"
# define VAR_t2 "y"
# define VAR_v "z"
# define F_m0 "l"
# define F_m1 "l"
# define F_m2 "p"
# define F_m3 "e"
# define F_m4 "s"

const char *elevated_hlsl =
 "sampler f,m,y;"
 "float4 t[16];"
 "float4x4 z:register(c16);"
 "float3 D(float2 t)"
 "{"
   "float2 w=t-floor(t),s=w*w*w*(w*(w*6-15)+10);"
   "float y=tex2Dlod(f,float4((floor(t)+float2(0,0))/256,0,0)),m=tex2Dlod(f,float4((floor(t)+float2(1,0))/256,0,0)),z=tex2Dlod(f,float4((floor(t)+float2(0,1))/256,0,0)),x=tex2Dlod(f,float4((floor(t)+float2(1,1))/256,0,0));"
   "return float3(y+(m-y)*s.x+(z-y)*s.y+(y-m-z+x)*s.x*s.y,30*w*w*(w*(w-2)+1)*(float2(m-y,z-y)+(y-m-z+x)*s.yx));"
 "}"
 "float D(float2 f,float y)"
 "{"
   "float2 z=0;"
   "float x=0,w=3,t=0;"
   "for(;t<y;t++)"
     "{"
       "float3 s=D(.25*f);"
       "z+=s.yz;"
       "x+=(w*=.5)*s.x/(1+mul(z,z));"
       "f=mul(float2x2(1.6,-1.2,1.2,1.6),f);"
     "}"
   "return x;"
 "}"
 "float3 D(float2 f,float y,float x)"
 "{"
   "float m=D(f,x);"
   "return normalize(float3(t[2].w*(m-D(f+float2(y,0),x)),y,t[2].w*(m-D(f+float2(0,y),x))));"
 "}"
 "float3 l(float3 f,float3 y,float3 z)"
 "{"
   "float x=mul(z,t[3]),m=lerp(x,mul(y,t[3]),.5+.5*t[2].x);"
   "return float3(.13,.18,.22)*(y.y+.25*saturate(-m)-.1*D(1024*f.xz).y)+float3(1.4,1,.7)*saturate(m)*saturate(2*x);"
 "}"
 "float4 l(float4 f:position,out float4 x:color):position"
 "{"
   "f.z=t[2].w*D(f.yx,8);"
   "x=f.yzxw;"
   "return mul(z,x);"
 "}"
 "float4 l(float2 s:vpos):color"
 "{"
   "float2 x=t[0]+s.x*.37;"
   "float3 y;"
   "float w=t[3].w*t[0].z;"
   "y.x=16*cos(w*tex2D(f,x+=.1)+3*tex2D(f,x+=.1))+8*cos(w*tex2D(f,x+=.1)*2+3*tex2D(f,x+=.1));"
   "y.z=16*cos(w*tex2D(f,x+=.1)+3*tex2D(f,x+=.1))+8*cos(w*tex2D(f,x+=.1)*2+3*tex2D(f,x+=.1));"
   "y.y=t[2].w*D(y.xz,3)+t[1].x+t[1].y*s.x;"
   "x+=t[3].w*.5;"
   "y.x+=.002*D(x+=.1);"
   "y.y+=.002*D(x+=.1);"
   "y.z+=.002*D(x+=.1);"
   "return float4(y,.3*cos(w*2));"
 "}"
 "float4 p(float4 f:color):color"
 "{"
   "return f;"
 "}"
 "float4 e(float2 f:texcoord):color"
 "{"
   "float4 y=tex2D(m,f+.5/1280);"
   "float3 x=normalize(mul(z,float4(f.x*2-1,-f.y*2+1,1,1)));"
   "float2 s=x.xz/x.y;"
   "float w=(2*s.y+1000)%8;"
   "float3 r=float3(.55,.65,.75)+.1*D(s+t[3].w*.2,10)+.5*pow(1-x.y,8)+pow(saturate(mul(x,t[3])),16)*float3(.4,.3,.1)+float4(1+.4*w,2,3+.5*w,0)*(1-cos(12.5664*s.y))*saturate(1-abs(s.y)/10-abs(s.x+t[5+w].x*.0012-8)/20)*exp(-t[5+w].x*2e-4);"
   "if(y.w>.5)"
     "{"
       "float f=length(y.xyz-t[4].xyz),w=t[1].w-y.y;"
       "if(w<0)"
         "{"
           "float3 x=D(y.xz,.001*f,12-log2(f));"
           "float w=D(3*y.xz,3),s=D(666*y.xz);"
           "r=(.1+.75*t[2].x)*(.8+.2*s);"
           "r=lerp(r,lerp(float3(.8,.85,.9),float3(.45,.45,.2)*(.8+.2*s),t[2].x),smoothstep(.5-.8*x.y,1-1.1*x.y,w*.15));"
           "r=lerp(r,lerp(float3(.37,.23,.08),float3(.42,.4,.2),t[2].x)*(.5+.5*s),smoothstep(0,1,50*(x.y-1)+(w+t[2].x)/.4));"
           "r*=l(y,x,D(y.xz,.001*f,5));"
         "}"
       "else"
         "{"
           "f=(t[1].w-t[4].y)/x.y;"
           "y=t[4]+x.xyzz*f;"
           "float3 z=normalize(D(float2(512,32)*y.xz+saturate(w*60)*float2(t[3].w,0),.001*f,4)*float3(1,6,1));"
           "r=.12*(float3(.4,1,1)-float3(.2,.6,.4)*saturate(w*16));"
           "r*=.3+.7*t[2].x;"
           "r+=pow(1-mul(-x,z),4)*(pow(mul(t[3],reflect(-x,z)),32)*float3(.32,.31,.3)+.1);"
           "r=lerp(r,l(y,z,z),smoothstep(1,0,t[2].x+w*60-D(666*y.xz+saturate(w*60)*float2(t[3].w,0)*2,5))*.5);"
         "}"
       "r=r*(.7+.3*smoothstep(0,1,256*abs(w)))*exp(-.042*f);"
       "r+=(1-exp(-.1*f))*(float3(.52,.59,.65)+pow(saturate(mul(x,t[3])),8)*float3(.6,.4,.1));"
     "}"
   "return float4(r,0);"
 "}"
 "float4 s(float2 x:texcoord):color"
 "{"
   "float2 s=x+.5/1280;"
   "float4 w=tex2D(m,s);"
   "float3 r=tex2D(y,s);"
   "if(w.w>.5)"
     "{"
       "w=mul(z,float4(w.xyz,1));"
       "w.y*=-1;"
       "r=0;"
       "for(float f=0;f<16;f++)"
         "r.x+=tex2D(y,s+f*(.5+.5*w.xy/w.w-s)/16+float2(2,0)/1280).x,r.y+=tex2D(y,s+f*(.5+.5*w.xy/w.w-s)/16+float2(0,0)/1280).y,r.z+=tex2D(y,s+f*(.5+.5*w.xy/w.w-s)/16+float2(-2,0)/1280).z;"
       "r/=16;"
     "}"
   "r=(pow(r,.45)*t[2].z+t[2].y)*(.4+9.6*s.x*s.y*(1-s.x)*(1-s.y));"
   "r.xz*=.98;"
   "float D=tex2D(f,t[3].w*.1);"
   "s+=D;"
   "r-=.005*D;"
   "r.x+=.01*tex2D(f,s+=.1);"
   "r.y+=.01*tex2D(f,s+=.1);"
   "r.z+=.01*tex2D(f,s+=.1);"
   "return float4(r,0);"
 "}";

#endif // ELEVATED_HLSL_EXPECTED_
