/* File generated with 
 * http://www.ctrl-alt-test.fr
 */
#ifndef HEART_FRAG_EXPECTED_
# define HEART_FRAG_EXPECTED_
# define VAR_mouse "m"
# define VAR_resolution "y"
# define VAR_time "v"

const char *heart_frag =
 "uniform float v;"
 "uniform vec2 y;"
 "uniform vec4 m;"
 "void main()"
 "{"
   "vec2 m=(2.*gl_FragCoord.xy-y)/y.y;"
   "float r=mod(v,2.)/2.,a=pow(r,.2)*.5+.5,u,g,e,f,x;"
   "a-=a*.2*sin(r*6.2831*5.)*exp(-r*6.);"
   "m*=vec2(.5,1.5)+a*vec2(.5,-.5);"
   "u=atan(m.x,m.y)/3.141593;"
   "g=length(m);"
   "e=abs(u);"
   "f=(13.*e-22.*e*e+10.*e*e*e)/(6.-5.*e);"
   "x=step(g,f)*pow(1.-g/f,.25);"
   "gl_FragColor=vec4(x,0,0,1);"
 "}";

#endif // HEART_FRAG_EXPECTED_
