// Generated with  (https://github.com/laurentlb/Shader_Minifier/)
#ifndef HEART_FRAG_EXPECTED_
# define HEART_FRAG_EXPECTED_
# define VAR_mouse "f"
# define VAR_resolution "y"
# define VAR_time "v"

const char *heart_frag =
 "uniform float v;"
 "uniform vec2 y;"
 "uniform vec4 f;"
 "void main()"
 "{"
   "vec2 f=(2.*gl_FragCoord.xy-y)/y.y;"
   "float u=mod(v,2.)/2.,a=pow(u,.2)*.5+.5;"
   "a-=a*.2*sin(u*6.2831*5.)*exp(-u*6.);"
   "f*=vec2(.5,1.5)+a*vec2(.5,-.5);"
   "a=atan(f.x,f.y)/3.141593;"
   "u=length(f);"
   "a=abs(a);"
   "a=(13.*a-22.*a*a+10.*a*a*a)/(6.-5.*a);"
   "gl_FragColor=vec4(step(u,a)*pow(1.-u/a,.25),0,0,1);"
 "}";

#endif // HEART_FRAG_EXPECTED_
