/* File generated with Shader Minifier 1.1.6
 * http://www.ctrl-alt-test.fr
 */
#ifndef KALEIDOSCOPE_FRAG_EXPECTED_
# define KALEIDOSCOPE_FRAG_EXPECTED_
# define VAR_RESOLUTION "f"
# define VAR_TEX0 "y"
# define VAR_TEX1 "o"
# define VAR_TEX2 "r"
# define VAR_TEX3 "z"
# define VAR_TIME "s"

const char *kaleidoscope_frag =
 "uniform vec2 f;"
 "uniform float s;"
 "uniform sampler2D y,o,r,z;"
 "void main()"
 "{"
   "vec2 r=-1.+2.*gl_FragCoord.xy/f.xy,z;"
   "float c=atan(r.y,r.x),x=sqrt(dot(r,r));"
   "z.x=7.*c/3.1416;"
   "z.y=-s+sin(7.*x+s)+.7*cos(s+7.*c);"
   "float o=.5+.5*(sin(s+7.*x)+.7*cos(s+7.*c));"
   "vec3 m=texture2D(y,z*.5).xyz;"
   "gl_FragColor=vec4(m*o,1.);"
 "}";

#endif // KALEIDOSCOPE_FRAG_EXPECTED_
