// Generated with  (https://github.com/laurentlb/Shader_Minifier/)
#ifndef SHADER_MINIFIER_IMPL
#ifndef SHADER_MINIFIER_HEADER
# define SHADER_MINIFIER_HEADER
# define VAR_mouse "s"
# define VAR_resolution "v"
# define VAR_tex0 "y"
# define VAR_tex1 "f"
# define VAR_tex2 "o"
# define VAR_tex3 "w"
# define VAR_time "z"
#endif

#else // if SHADER_MINIFIER_IMPL

// tests/real/kinder_painter.frag
 "uniform vec2 v;"
 "uniform float z;"
 "uniform vec4 s;"
 "uniform sampler2D y,f,o,w;"
 "vec4 r[6],b[6];"
 "float t(vec4 z,vec3 v,vec3 r)"
 "{"
   "vec3 b=v-z.xyz;"
   "float w=dot(r.xz,r.xz),d=dot(r.xz,b.xz),y=d*d-w*(dot(b.xz,b.xz)-z.w*z.w);"
   "if(y>0.)"
     "y=(-d-sqrt(y))/w;"
   "return y-.001;"
 "}"
 "float d(vec4 z,vec3 v,vec3 y)"
 "{"
   "vec3 r=v-z.xyz;"
   "float d=dot(y,r),b=d*d-dot(r,r)+z.w*z.w;"
   "if(b>0.)"
     "b=-d-sqrt(b);"
   "return b-.001;"
 "}"
 "bool d(vec4 z,vec3 v,vec3 r,float w)"
 "{"
   "vec3 y=v-z.xyz;"
   "float d=dot(r,y),b=d*d-dot(y,y)+z.w*z.w;"
   "bool f=false;"
   "if(b>0.)"
     "b=-d-sqrt(b),f=b>0.&&b<w;"
   "return f;"
 "}"
 "bool t(vec4 z,vec3 v,vec3 r,float w)"
 "{"
   "vec3 b=v-z.xyz;"
   "float d=dot(r.xz,r.xz),s=dot(r.xz,b.xz),y=s*s-d*(dot(b.xz,b.xz)-z.w*z.w);"
   "bool f=false;"
   "if(y>0.)"
     "y=-s-sqrt(y),f=y>0.&&y<w*d;"
   "return f;"
 "}"
 "float n(vec4 z,vec3 v,vec3 b)"
 "{"
   "float r=dot(z.xyz,b);"
   "r=(-dot(z.xyz,v)-z.w)/(sign(r)*max(abs(r),.001));"
   "return r-.001;"
 "}"
 "vec3 d(vec4 z,vec4 v,vec3 r,out vec2 b)"
 "{"
   "vec3 y;"
   "b=v.w>2.5?"
     "y.xz=r.xz-z.xz,y.y=0.,y/=z.w,vec2(y.x,r.y):"
     "v.w>1.5?"
       "y=z.xyz,r.xz*.2:"
       "(y=(r-z.xyz)/z.w,y.xy);"
   "return y;"
 "}"
 "vec4 d(vec4 z,vec4 v,bool y)"
 "{"
   "return y?"
     "v:"
     "z;"
 "}"
 "float d(float z,float v,bool y)"
 "{"
   "return y?"
     "v:"
     "z;"
 "}"
 "int d(int z,int v,bool y)"
 "{"
   "return y?"
     "v:"
     "z;"
 "}"
 "float d(vec3 v,vec3 z,out vec4 y,out vec4 f)"
 "{"
   "float w=1e4,i;"
   "f.w=-1.;"
   "bool s;"
   "i=d(r[0],v,z);"
   "s=i>0.&&i<w;"
   "y=d(y,r[0],s);"
   "f=d(f,b[0],s);"
   "w=d(w,i,s);"
   "i=d(r[1],v,z);"
   "s=i>0.&&i<w;"
   "y=d(y,r[1],s);"
   "f=d(f,b[1],s);"
   "w=d(w,i,s);"
   "i=t(r[2],v,z);"
   "s=i>0.&&i<w;"
   "y=d(y,r[2],s);"
   "f=d(f,b[2],s);"
   "w=d(w,i,s);"
   "i=t(r[3],v,z);"
   "s=i>0.&&i<w;"
   "y=d(y,r[3],s);"
   "f=d(f,b[3],s);"
   "w=d(w,i,s);"
   "i=n(r[4],v,z);"
   "s=i>0.&&i<w;"
   "y=d(y,r[4],s);"
   "f=d(f,b[4],s);"
   "w=d(w,i,s);"
   "i=n(r[5],v,z);"
   "s=i>0.&&i<w;"
   "y=d(y,r[5],s);"
   "f=d(f,b[5],s);"
   "return d(w,i,s);"
 "}"
 "bool d(vec3 v,vec3 z,float s)"
 "{"
   "bvec4 y;"
   "y.x=d(r[0],v,z,s);"
   "y.y=d(r[1],v,z,s);"
   "y.z=t(r[2],v,z,s);"
   "y.w=t(r[3],v,z,s);"
   "return any(y);"
 "}"
 "vec4 d(vec3 v,vec4 z,vec4 r,vec3 s,vec4 b,out vec4 f)"
 "{"
   "vec3 w;"
   "float i,o;"
   "vec2 e;"
   "w=d(z,r,v,e);"
   "i=dot(w,b.xyz);"
   "f.xyz=reflect(s,w);"
   "o=max(dot(f.xyz,b.xyz),0.);"
   "o*=o;"
   "o*=o;"
   "if(d(v,b.xyz,b.w))"
     "i=0.;"
   "r*=texture2D(y,e);"
   "i=max(i,0.);"
   "r=r*(vec4(.3,.34,.38,1)+.5*vec4(1,.95,.8,1)*i)+.5*o;"
   "i=dot(w,-s);"
   "f.w=i;"
   "i=1.-i*i;"
   "i*=i;"
   "return r+.35*vec4(i);"
 "}"
 "void main()"
 "{"
   "vec4 y,i,w,f;"
   "vec2 o=(-1.+2.*gl_FragCoord.xy/v.xy)*vec2(v.x/v.y,1);"
   "r[0]=vec4(1.2*sin(2.073423*z),0,1.8*sin(2.450409*z+1.),1);"
   "r[1]=vec4(1.5*sin(1.947761*z+4.),sin(1.822099*z+1.9),1.8*sin(1.822099*z),1);"
   "r[2]=vec4(-1.2,0,0,.4);"
   "r[3]=vec4(1.2,0,0,.4);"
   "r[4]=vec4(0,1,0,2);"
   "r[5]=vec4(0,-1,0,2);"
   "b[0]=vec4(.9,.8,.6,1);"
   "b[1]=vec4(1,.6,.4,1);"
   "b[2]=vec4(.8,.6,.5,3);"
   "b[3]=vec4(.5,.5,.7,3);"
   "b[4]=vec4(1,.9,.9,2);"
   "b[5]=vec4(1,.9,.9,2);"
   "float e=.15*z-6.2831*s.x/v.x,x=2.+3.*s.y/v.y;"
   "vec2 m=vec2(cos(e),sin(e));"
   "vec3 n=normalize(vec3(o.x*m.x-m.y,o.y,m.x+o.x*m.y)),u=vec3(x*m.y,0,-x*m.x);"
   "e=d(u,n,i,w);"
   "u+=n*e;"
   "y.xyz=vec3(0,1.5,-3)-u;"
   "y.w=length(y.xyz);"
   "y.xyz=y.xyz/y.w;"
   "w=d(u,i,w,n,y,f);"
   "vec4 a,C;"
   "e=d(u,f.xyz,i,a);"
   "u+=f.xyz*e;"
   "y.xyz=vec3(0,1.5,-1)-u;"
   "y.w=length(y.xyz);"
   "y.xyz=y.xyz/y.w;"
   "a=d(u,i,a,f.xyz,y,C);"
   "w=mix(w,a,.5-.5*f.w);"
   "gl_FragColor=w;"
 "}",

#endif
