/* File generated with Shader Minifier 1.1.6
 * http://www.ctrl-alt-test.fr
 */
#ifndef LEIZEX_FRAG_EXPECTED_
# define LEIZEX_FRAG_EXPECTED_
# define VAR_RESOLUTION "v"
# define VAR_TEX0 "n"
# define VAR_TEX1 "i"
# define VAR_TEX2 "m"
# define VAR_TEX3 "o"
# define VAR_TIME "f"

const char *leizex_frag =
 "#extension GL_EXT_gpu_shader4:enable\n"
 "uniform vec2 v;"
 "uniform float f;"
 "uniform sampler2D n,i,m,o;"
 "float t(int v)"
 "{"
   "return v=v<<13^v,v=v*(v*v*15731+789221)+1376312589&2147483647,float(v);"
 "}"
 "float t(in vec3 v,int x)"
 "{"
   "ivec3 n=ivec3(floor(v));"
   "vec3 f=fract(v);"
   "f=f*f*(3.-2.*f);"
   "int i=n.x+n.y*57+113*n.z+x;"
   "float y=mix(mix(mix(t(i+0),t(i+1),f.x),mix(t(i+57),t(i+58),f.x),f.y),mix(mix(t(i+113),t(i+114),f.x),mix(t(i+170),t(i+171),f.x),f.y),f.z);"
   "return 1.-y*9.31323e-10;"
 "}"
 "vec2 x(in vec3 v)"
 "{"
   "ivec3 i=ivec3(floor(v));"
   "vec3 f=fract(v);"
   "vec2 n=vec2(1.,1.);"
   "for(int x=-1;x<=1;x++)"
     "for(int y=-1;y<=1;y++)"
       "for(int r=-1;r<=1;r++)"
         "{"
           "int m=i.x+r+57*(i.y+y)+113*(i.z+x);"
           "vec3 c=vec3(float(r),float(y),float(x))-f+vec3(t(m),t(m+1217),t(m+2513))/2.14748e+09;"
           "float s=dot(c,c);"
           "if(s<n.x)"
             "n.y=n.x,n.x=s;"
           "else"
             " if(s<n.y)"
               "n.y=s;"
         "}"
   "return.25*sqrt(n);"
 "}"
 "float c(in vec3 v)"
 "{"
   "return.5*t(v,0)+.25*t(v*2.,0)+.125*t(v*4.,0)+.0625*t(v*8.,0);"
 "}"
 "float c(in vec3 v,out float f)"
 "{"
   "vec3 i=mod(vec3(1024.)+v,1.)-.5;"
   "float y=sqrt(dot(i,i))-.09,c=t(4.*v,0);"
   "y+=.8*c;"
   "f=clamp(-1.5*c,0.,1.);"
   "vec2 m=x(16.*v);"
   "float n=clamp(m[1]-m[0],0.,1.);"
   "y-=n;"
   "f*=clamp(n*12.,0.,1.);"
   "return y;"
 "}"
 "vec3 s(in vec3 v)"
 "{"
   "float f,i=.0002;"
   "vec3 x=vec3(c(v+vec3(i,0.,0.),f)-c(v-vec3(i,0.,0.),f),c(v+vec3(0.,i,0.),f)-c(v-vec3(0.,i,0.),f),c(v+vec3(0.,0.,i),f)-c(v-vec3(0.,0.,i),f));"
   "return normalize(x);"
 "}"
 "void c(out vec3 v,out vec3 f,in vec2 n,float x)"
 "{"
   "vec2 i=n;"
   "float y=i.x*i.x*.32+i.y*i.y;"
   "vec2 m=i*(7.-sqrt(37.5-11.5*y))/(y+1.);"
   "vec3 c=vec3(0.,1.5,2.);"
   "f=c+vec3(-sin(6.28319*x/20.),.75*cos(6.28319*x/20.+.5),-cos(6.28319*x/20.));"
   "c+=.075*vec3(t(vec3(2.*x,0.,.5),0),t(vec3(2.*x,.1,.4),7),t(vec3(2.*x,.2,.3),9));"
   "float s=.1*t(vec3(2.*x,0.,0.),13);"
   "vec3 r=vec3(0.,cos(s),sin(s)),o=normalize(c-f),z=normalize(cross(o,r)),e=normalize(cross(z,o));"
   "v=normalize(m.x*z+m.y*e+o);"
 "}"
 "vec3 c(in vec3 v,float x,in vec3 i)"
 "{"
   "float f=.0005,y=c(256.*i);"
   "vec3 n=vec3(c(256.*(i+vec3(f,0.,0.)))-y,c(256.*(i+vec3(0.,f,0.)))-y,c(256.*(i+vec3(0.,0.,f)))-y);"
   "return normalize(v+x*n);"
 "}"
 "void main()"
 "{"
   "vec2 i=-1.+2.*gl_FragCoord.xy/v.xy;"
   "vec3 n,x;"
   "c(x,n,i,f);"
   "float y,o;"
   "vec3 m,t;"
   "for(y=.1;y<5.;)"
     "{"
       "t=n+y*x;"
       "float r=c(t,o);"
       "if(r<.001)"
         "break;"
       "y+=r*.12;"
     "}"
   "m=s(t);"
   "vec3 r=vec3(1.+.5*c(96.*t)),z=c(m,1.,.25*t),e=vec3(.8,.5,-.1);"
   "float g=clamp(dot(z,e),0.,1.);"
   "vec3 G=vec3(.5,.55,.6)+vec3(.6,.5,.3)*g*3.;"
   "r=r*G*o;"
   "r=r/(1.+y)+vec3(1.06,1.14,1.)*(1.-exp2(-.25*y));"
   "r=(r*r+r)*.5;"
   "r=clamp(r*vec3(1.,1.2,1.),0.,1.);"
   "r*=.5+.5*(1.-i.x)*(1.+i.x);"
   "gl_FragColor=vec4(r,1.);"
 "}";

#endif // LEIZEX_FRAG_EXPECTED_
