/* File generated with Shader Minifier 1.1.6
 * http://www.ctrl-alt-test.fr
 */
#ifndef MANDELBULB_FRAG_EXPECTED_
# define MANDELBULB_FRAG_EXPECTED_
# define VAR_RESOLUTION "v"
# define VAR_TIME "e"

const char *mandelbulb_frag =
 "uniform vec2 v;"
 "uniform float e;"
 "bool f(in vec4 v,in vec3 f,in vec3 y,out vec2 i)"
 "{"
   "vec3 x=f-v.xyz;"
   "float e=dot(x,y),o=dot(x,x)-v.w*v.w,s=e*e-o;"
   "if(s<0.)"
     "return false;"
   "float t=sqrt(s);"
   "i.x=-e-t;"
   "i.y=-e+t;"
   "return true;"
 "}"
 "const int x=7;"
 "const float y=100.;"
 "bool f(in vec3 v,out float f,out vec4 o)"
 "{"
   "vec4 i=vec4(100.);"
   "vec3 s=v;"
   "float t=dot(s,s);"
   "if(t>y)"
     "return f=.5*log(t)/pow(8.,0.),o=vec4(1.),false;"
   "for(int e=1;e<x;e++)"
     "{"
       "\n#if 0\n"
       "float z=sqrt(dot(s,s)),c=acos(s.y/z),n=atan(s.x,s.z);"
       "z=pow(z,8.);"
       "c=c*8.;"
       "n=n*8.;"
       "s=v+z*vec3(sin(c)*sin(n),cos(c),sin(c)*cos(n));"
       "\n#else\n"
       "float d=s.x,m=d*d,p=m*m,l=s.y,a=l*l,r=a*a,w=s.z,g=w*w,u=g*g,q=m+g,b=inversesqrt(q*q*q*q*q*q*q),C=p+r+u-6.*a*g-6.*m*a+2.*g*m,F=m-a+g;"
       "s.x=v.x+64.*d*l*w*(m-g)*F*(p-6.*m*g+u)*C*b;"
       "s.y=v.y+-16.*a*q*F*F+C*C;"
       "s.z=v.z+-8.*l*F*(p*p-28.*p*m*g+70.*p*u-28.*m*g*u+u*u)*C*b;"
       "\n#endif\n"
       "t=dot(s,s);"
       "i=min(i,vec4(s.xyz*s.xyz,t));"
       "if(t>y)"
         "return o=i,f=.5*log(t)/pow(8.,float(e)),false;"
     "}"
   "o=i;"
   "f=0.;"
   "return true;"
 "}"
 "bool f(in vec3 v,in vec3 s,out float o,in float e,out vec3 x,out vec4 i,float q)"
 "{"
   "vec4 t=vec4(0.,0.,0.,1.25);"
   "vec2 c;"
   "if(!f(t,v,s,c))"
     "return false;"
   "if(c.y<.001)"
     "return false;"
   "if(c.x<.001)"
     "c.x=.001;"
   "if(c.y>e)"
     "c.y=e;"
   "float n;"
   "vec3 y;"
   "vec4 m;"
   "float g=1./sqrt(1.+q*q);"
   "for(float a=c.x;a<c.y;)"
     "{"
       "vec3 z=v+s*a;"
       "float d=clamp(.001*a*g,1e-06,.005),p=d*.1;"
       "vec4 u;"
       "float l;"
       "if(f(z,l,m))"
         "return o=a,x=normalize(y),i=m,true;"
       "float w;"
       "f(z+vec3(p,0.,0.),w,u);"
       "float b;"
       "f(z+vec3(0.,p,0.),b,u);"
       "float C;"
       "f(z+vec3(0.,0.,p),C,u);"
       "y=vec3(w-l,b-l,C-l);"
       "n=.5*l*p/length(y);"
       "if(n<d)"
         "return i=m,x=normalize(y),o=a,true;"
       "a+=n;"
     "}"
   "return false;"
 "}"
 "void main()"
 "{"
   "vec2 m=-1.+2.*gl_FragCoord.xy/v.xy,s=m*vec2(1.33,1.);"
   "vec3 i=vec3(.577,.577,.577),x=vec3(-.707,0.,.707);"
   "float o=1.,p=1.4+.2*cos(6.28318*e/20.);"
   "vec3 y=vec3(p*sin(6.28318*e/20.),.3-.4*sin(6.28318*e/20.),p*cos(6.28318*e/20.)),c=vec3(0.,.1,0.),t=normalize(c-y),u=vec3(0.,1.,0.),z=normalize(cross(t,u)),g=normalize(cross(z,t)),l=normalize(s.x*z+s.y*g+1.5*t),q,n;"
   "vec4 a;"
   "float C;"
   "if(!f(y,l,C,1e+20,q,a,o))"
     "n=1.3*vec3(1.,.98,.9)*(.7+.3*l.y);"
   "else"
     "{"
       "vec3 d=y+C*l;"
       "float r=clamp(.2+.8*dot(i,q),0.,1.);"
       "r=r*r;"
       "float F=clamp(.3+.7*dot(x,q),0.,1.),w=clamp(1.25*a.w-.4,0.,1.);"
       "w=w*w*.5+.5*w;"
       "float b;"
       "vec3 h;"
       "vec4 j;"
       "if(r>.001)"
         "if(f(d,i,b,1e+20,h,j,o))"
           "r=.1;"
       "n=vec3(1.,1.,1.);"
       "n=mix(n,vec3(.8,.6,.2),sqrt(a.x)*1.25);"
       "n=mix(n,vec3(.8,.3,.3),sqrt(a.y)*1.25);"
       "n=mix(n,vec3(.7,.4,.3),sqrt(a.z)*1.25);"
       "n*=(.5+.5*q.y)*vec3(.14,.15,.16)*.8+r*vec3(1.,.85,.4)+.5*F*vec3(.08,.1,.14);"
       "n*=vec3(pow(w,.8),pow(w,1.),pow(w,1.1));"
       "n=1.5*(n*.15+.85*sqrt(n));"
     "}"
   "vec2 d=m*.5+.5;"
   "n*=.7+4.8*d.x*d.y*(1.-d.x)*(1.-d.y);"
   "n=clamp(n,0.,1.);"
   "gl_FragColor=vec4(n,1.);"
 "}";

#endif // MANDELBULB_FRAG_EXPECTED_
