/* File generated with Shader Minifier 1.1.6
 * http://www.ctrl-alt-test.fr
 */
#ifndef MONJORI_FRAG_EXPECTED_
# define MONJORI_FRAG_EXPECTED_
# define VAR_RESOLUTION "s"
# define VAR_TEX0 "f"
# define VAR_TEX1 "o"
# define VAR_TEX2 "i"
# define VAR_TEX3 "x"
# define VAR_TIME "c"

const char *monjori_frag =
 "uniform vec2 s;"
 "uniform float c;"
 "uniform sampler2D f,o,i,x;"
 "void main()"
 "{"
   "vec2 f=-1.+2.*gl_FragCoord.xy/s.xy;"
   "float x=c*40.,i,o,v,y=.025,p,g,u,r;"
   "o=400.*(f.x*.5+.5);"
   "v=400.*(f.y*.5+.5);"
   "g=200.+sin(o*y+x/150.)*20.;"
   "i=200.+cos(v*y/2.)*18.+cos(o*y)*7.;"
   "u=sqrt(pow(g-o,2.)+pow(i-v,2.));"
   "r=v/u;"
   "o=u*cos(r)-x/2.;"
   "v=u*sin(r)-x/2.;"
   "i=sin(o*y)*176.+sin(o*y)*164.+u;"
   "p=(v+i+x/2.)*y;"
   "g=cos(p+u*f.x/1.3)*(o+o+x)+cos(r*y*6.)*(u+p/3.);"
   "p=sin(v*y)*144.-sin(o*y)*212.*f.x;"
   "p=(p+(v-o)*r+sin(u-(x+p)/7.)*10.+g/4.)*y;"
   "g+=cos(p*2.3*sin(x/350.-r))*184.*sin(r-(u*4.3+x/12.)*y)+tan(u*y+p)*184.*cos(u*y+p);"
   "g=mod(g/5.6,256.)/64.;"
   "if(g<0.)"
     "g+=4.;"
   "if(g>=2.)"
     "g=4.-g;"
   "i=u/350.;"
   "i+=sin(i*i*8.)*.52;"
   "v=(sin(x*y)+1.)/2.;"
   "gl_FragColor=vec4(v*g/1.6,g/2.+i/13.,g,1.)*i*f.x+vec4(g/1.3+i/8.,g/2.+i/18.,g,1.)*i*(1.-f.x);"
 "}";

#endif // MONJORI_FRAG_EXPECTED_
