/* File generated with Shader Minifier 1.1.6
 * http://www.ctrl-alt-test.fr
 */
#ifndef MOTION_BLUR_FRAG_EXPECTED_
# define MOTION_BLUR_FRAG_EXPECTED_
# define VAR_RESOLUTION "v"
# define VAR_TEX0 "i"
# define VAR_TEX1 "f"
# define VAR_TEX2 "o"
# define VAR_TEX3 "e"
# define VAR_TIME "y"

const char *motion_blur_frag =
 "uniform vec2 v;"
 "uniform float y;"
 "uniform sampler2D i,f,o,e;"
 "vec3 s(in vec2 v,float s)"
 "{"
   "vec2 f;"
   "float c=s+y,x=atan(v.y,v.x),o=sqrt(dot(v,v)),e=o*(1.+.5*cos(c*1.7));"
   "f.x=.1*c+.05*v.y+.05*cos(-c+x*3.)/e;"
   "f.y=.1*c+.05*v.x+.05*sin(-c+x*3.)/e;"
   "float r=.8-.2*cos(c+3.*x);"
   "vec3 m=texture2D(i,f).xyz*r;"
   "return m*m;"
 "}"
 "void main()"
 "{"
   "vec2 i=-1.+2.*gl_FragCoord.xy/v.xy;"
   "vec3 c=vec3(0.);"
   "float f=0.;"
   "for(int r=0;r<20;r++)"
     "{"
       "vec3 m=s(i,f);"
       "c+=m;"
       "f+=.02;"
     "}"
   "c/=20.;"
   "gl_FragColor=vec4(3.*c,1.);"
 "}";

#endif // MOTION_BLUR_FRAG_EXPECTED_
