// Generated with  (https://github.com/laurentlb/Shader_Minifier/)
#ifndef OSCARS_CHAIR_FRAG_EXPECTED_
# define OSCARS_CHAIR_FRAG_EXPECTED_
# define VAR_tex1 "a"

const char *oscars_chair_frag =
 "#version 130\n"
 "vec2 v=gl_FragCoord.xy/1280;"
 "uniform sampler2D a;"
 "float y=gl_TexCoord[0].x/44100,i,m,s=1,f;"
 "vec3 c=vec3(7,5,19),z=vec3(-4,0,3),g,x,l=vec3(0,5,-7),r;"
 "float n(vec2 x,float v)"
 "{"
   "float y=0,c=1,m=1;"
   "for(int i=0;i<f;++i)"
     "y+=(texture(a,(x+i*40)*c/vec2(1280,640)).z*2-1)*(m/=v),c*=2;"
   "return y;"
 "}"
 "float n(vec2 v,out vec3 g)"
 "{"
   "vec2 a=v;"
   "float m;"
   "if(i==0)"
     "{"
       "v+=n(v,2)/50;"
       "v+=floor(v*vec2(.6,7)+12*cos(floor(v.y*4.5)))*31;"
       "g=vec3(1,.57,.2)*(3+n(v,2))/16+n(v*vec2(.8,16),2)/30;"
       "if(y>25&&y<=60&&a.y<1)"
         "g=mix(g,vec3(1,.01,.01)/9,smoothstep(.2,.204,n(a,2.3)));"
       "m=.15+.017*n(v*vec2(.12,12)+n(v,2)/2,1.4)+g.x/2;"
       "g*=pow(m,4)*168;"
       "return m;"
     "}"
   "if(abs(v.x)<1.5&&abs(v.y-3)<3&&x.z<-c.z+.1)"
     "{"
       "g=vec3(n(v*vec2(1,.2),2)+2)/4;"
       "v=abs(v+n(v,2)/60-vec2(0,3));"
       "if(v.x>1.475||v.y>2.975)"
         "g*=.3;"
       "return 11-clamp(abs(max(abs(v.x-.7)+.3,abs(v.y-1.4)-.3)-.7),.05,.14)*11+n(v*vec2(1,.2),2.5);"
     "}"
   "m=1-smoothstep(.1,.12,n(v/2+10,2.5)-.1);"
   "g=mix(vec3(.7),mix(vec3(1,1,.5)/1.4+n(v*8,1.2)/15,vec3(.65,1,.5),m)/4*min(v.y*3-1.5+.8,1),step(.5,v.y))-step(.4,n(v*3,1.6))/140;"
   "return n(v,2)/2-g.y*4;"
 "}"
 "vec3 p(vec2 v,out vec3 y)"
 "{"
   "g=vec3(.004,0,0);"
   "return normalize(vec3(n(v+g.xy,y)-n(v-g.xy,y),.16,n(v+g.yx,y)-n(v-g.yx,y)));"
 "}"
 "float n(vec3 v)"
 "{"
   "float x=y>81?"
     "-1.4:"
     "-2.827;"
   "v-=z;"
   "v.y+=(n(v.xz*=mat2(cos(x),sin(x),-sin(x),cos(x)),2.5)/2+.5)*clamp(y/3-29,0,5)+c.y-1.25;"
   "v.x+=n(v.yz,2.5)*clamp(y/3-29,0,5)-max(0,v.y)/10;"
   "v.z=abs(v.z);"
   "return min(min(min(max(length(max(abs(v.xz)-vec2(.45,.41),0))-.25,abs(v.y)-.02),length(v-vec3(clamp(v.x,-.6,.6),-.1,.6))-.025),length(vec3(abs(v.x)-.6+min(0,v.y)/5,v.y-clamp(v.y,-1.24,1.5*step(0,v.x)),v.z-.6))-.025),max(length(max(abs(v.yz-vec2(1,0))-vec2(.5,.35),0))-.25,abs(v.x-.6)-.03));"
 "}"
 "float n(vec3 v,vec3 y)"
 "{"
   "float x=0,g=0;"
   "for(;g<200&&x<30;++g)"
     "i=min(i,m=n(v+y*x)),x+=m/2;"
   "return x;"
 "}"
 "vec3 p(vec3 v,vec3 a)"
 "{"
   "vec3 f;"
   "x=v+a*(m=min((sign(a.x)*c.x-v.x)/a.x,min((sign(a.y)*c.y-v.y)/a.y,(sign(a.z)*c.z-v.z)/a.z)));"
   "if(abs(x.y)>c.y-.001)"
     "i=0,g=p(x.xz/2,f),f*=min(vec3(.75,1,.75)+min(c.x-abs(x.x),c.z-abs(x.z))/4,1)*smoothstep(0,2.2,length(x-z-vec3(0,-c.y+1.25,0)));"
   "else"
     "{"
       "i=1;"
       "g=p(vec2(x.x-x.z-c.z,x.y+c.y),f).xzy;"
       "if(abs((x/c).x)>abs((x/c).z)&&abs((x/c).x)>abs((x/c).y))"
         "g=g.zyx*vec3(-sign(x.x),1,-1);"
       "f*=mix(vec3(1,1,.5),vec3(1),min((-abs(x.y)+c.y)/4,1))*sqrt(min((-abs(x.y)+c.y)*8+.4,1));"
     "}"
   "f*=mix(4,1,smoothstep(1,2,length(x/c)))*max(0,1+3*dot(g,normalize(l-x)))/16*(1-smoothstep(0,2.5,length(max(abs(x)-c+1,0))));"
   "f=(f+pow(clamp(dot(normalize(normalize(l-x)-a),g),0,1),64)*(f*.8+.2))*exp2(-length(l-x)/1.2)*s*20*mix(.02,2,smoothstep(.6,.7,dot(normalize(l-x),r)));"
   "if(y<=97)"
     "f+=pow(vec3(2.2,.7,.3)*exp(-abs(n(x.xz/2+x.y/4-y/2,1.5))*10*n(-x.xy+y-x.z,1.5)+n(x.xy-y/3,2)*6-x.y-c.y-x.z-c.z+(y-88)/4+x.x/9),vec3(2))/70;"
   "return f;"
 "}"
 "void main()"
 "{"
   "if(gl_TexCoord[0].y==0)"
     "gl_FragColor.xyz=vec3(gl_TexCoord[0].xx,fract(sin(float((int(gl_FragCoord.x)*19349663^int(gl_FragCoord.y)*83492791)%38069))*43758.545));"
   "else if(gl_TexCoord[0].y==1)"
     "{"
       "gl_FragColor*=0;"
       "for(int v=-6;v<=6;++v)"
         "for(int x=-6;x<=6;++x)"
           "if(x*x+v*v<37)"
             "gl_FragColor=mix(gl_FragColor,max(gl_FragColor,texelFetch(a,ivec2(gl_FragCoord.xy+vec2(x,v)*texelFetch(a,ivec2(gl_FragCoord.xy),0).w),0)),.06);"
     "}"
   "else if(abs((v.y+=.22)-.5)<.2)"
     "{"
       "vec3 e=vec3(0);"
       "for(int a=0;a<8;++a)"
         "{"
           "float d=2.7;"
           "vec3 t=vec3(10+y/4,-4,-1),o=vec3(-7,-2,0);"
           "m=0;"
           "if(y>97)"
             "o=t=vec3(0,-4,y-97),o.z-=1,l=vec3(0,3,-22),s=.4,c=vec3(3,7,28),z=vec3(-4,0,13);"
           "else if(y>81)"
             "o=t=vec3(0,-3.6,97-y),o.z-=1,l=vec3(0,5,-5),s=.01,d=1.7,c=vec3(7,5,9),z=vec3(0,0,-2);"
           "else if(y>60)"
             "t=vec3((y-60)/5-1,-2,13),o=vec3(-7,-5,-7),l=vec3(0,5,-3),m=sin(y-60)/10-.9,c=vec3(7,5,9),z=vec3(-4,0,2);"
           "else if(y>25)"
             "t=vec3(0,0,25-y/2.7),o=vec3(0,-4,18-y/2.7),l=vec3(-2,5,-7),c=vec3(9,5,14),z=vec3(3.5,0,-6);"
           "else"
             " m=-.9;"
           "f=7;"
           "r=vec3(0,cos(m),sin(m));"
           "o=normalize(o-t);"
           "vec3 u=normalize(vec3(-o.z,0,o));"
           "if(y>81&&y<=97)"
             "o.y+=n(vec2(y+6)/2,2)*.05,u.y+=n(vec2(y)/3,2)*.08;"
           "o=mat3(u,cross(u,o),o)*normalize(vec3(v*2+vec2(a&1,a/2)/1200-1,d));"
           "float w=n(t,o);"
           "if(w<30)"
             "x=t+o*w,g=vec3(.02,0,0),g=normalize(vec3(n(x+g.xyy)-m,n(x+g.yxy)-m,n(x+g.yyx)-m)),f=2,u=p(x,reflect(o,g))*pow(1+dot(o,g),3);"
           "else"
             "{"
               "u=p(t,o);"
               "d=(.3+.7*pow(1+dot(o,g),2)/4)*(.1+.9*step(x.y,-c.y+.01));"
               "t=reflect(o,g);"
               "w=m;"
               "f=2;"
               "i=1e2;"
               "o=normalize(l-x);"
               "n(x+o*.01,o);"
               "u*=.4+.6*smoothstep(0,n(x)/5,i);"
               "if(x.y<-c.y+.01)"
                 "if(n(x,t)<30)"
                   "d*=.2,u*=.7;"
               "u+=p(x,t)*d*mix(vec3(1),u,.8);"
             "}"
           "if(y>60&&y<=97)"
             "gl_FragColor.w=y<=81?"
               "(w-15)/6:"
               "w/15;"
           "u=pow(.003+u*(smoothstep(0,2,abs(y-60))*smoothstep(0,3,abs(y-112))*(1-(pow(abs(v.x*2-1),4)+pow(abs(v.y*2-1)*2.5,4))*.4))*40,vec3(1,1.1,1.2));"
           "e+=u/(u+.4)*1.1;"
         "}"
       "m=0;"
       "for(int x=0;x<64;++x)"
         "m+=texture(a,clamp((v-vec2(.4,.532)+vec2(x&7,x/8)/10000)*4*vec2(2.25,4),0,1)).x+texture(a,clamp((v-vec2(.38,.33)+vec2(x&7,x/8)/10000)*vec2(2.25,4),0,1)).y;"
       "gl_FragColor.xyz=sqrt(e/8)+m/104*clamp((6-abs(y-10))/5,0,1);"
     "}"
 "}";

#endif // OSCARS_CHAIR_FRAG_EXPECTED_
