/* File generated with Shader Minifier 1.1.6
 * http://www.ctrl-alt-test.fr
 */
#ifndef POSTPROCESSING_FRAG_EXPECTED_
# define POSTPROCESSING_FRAG_EXPECTED_
# define VAR_RESOLUTION "x"
# define VAR_TEX0 "v"
# define VAR_TEX1 "c"
# define VAR_TEX2 "s"
# define VAR_TEX3 "z"
# define VAR_TIME "y"

const char *postprocessing_frag =
 "uniform vec2 x;"
 "uniform float y;"
 "uniform sampler2D v,c,s,z;"
 "void main()"
 "{"
   "vec2 s=gl_FragCoord.xy/x.xy,c=.5+(s-.5)*(.9+.1*sin(.2*y));"
   "vec3 z=texture2D(v,vec2(s.x,1.-s.y)).xyz,u;"
   "u.x=texture2D(v,vec2(c.x+.003,-c.y)).x;"
   "u.y=texture2D(v,vec2(c.x,-c.y)).y;"
   "u.z=texture2D(v,vec2(c.x-.003,-c.y)).z;"
   "u=clamp(u*.5+.5*u*u*1.2,0.,1.);"
   "u*=.5+8.*c.x*c.y*(1.-c.x)*(1.-c.y);"
   "u*=vec3(.8,1.,.7);"
   "u*=.9+.1*sin(10.*y+c.y*1000.);"
   "u*=.97+.03*sin(110.*y);"
   "float r=smoothstep(.2,.7,sin(y));"
   "u=mix(u,z,clamp(-2.+2.*s.x+3.*r,0.,1.));"
   "gl_FragColor=vec4(u,1.);"
 "}";

#endif // POSTPROCESSING_FRAG_EXPECTED_
