/* File generated with 
 * http://www.ctrl-alt-test.fr
 */
#ifndef SULT_EXPECTED_
# define SULT_EXPECTED_
# define VAR_resolution "m"
# define VAR_time "l"

const char *sult_frag =
 "float v=5.,y=.9,a=0.,f=90.,e=0.;"
 "vec3 r=vec3(1,1,1),c=vec3(0,0,1),t=vec3(0,0,1.5);"
 "uniform vec2 m;"
 "uniform float l;"
 "vec3 rotatey(vec3 v,float m)"
 "{"
   "return vec3(v.x*cos(m)+v.z*sin(m),v.y,v.z*cos(m)-v.x*sin(m));"
 "}"
 "float u=0.,n=10.;"
 "float s(vec3 m)"
 "{"
   "float z=l,y,a=0.,f,e,c;"
   "vec3 r;"
   "m+=(sin(m.zxy*1.7+z)+sin(m.yzx+z*3.))*.2;"
   "if(v<6.)"
     "a=length(m.xyz*vec3(1,1,.1)-vec3(0,-.1,z*.15-.3))-.34;"
   "else"
     " a=length(m.xy+vec2(0,.7))-.3+(sin(m.z*17.+z*.6)+sin(m.z*2.)*6.)*.01;"
   "m.xy=vec2(atan(m.x,m.y)*1.113,1.6-length(m.xy)-sin(z*2.)*.3);"
   "r=fract(m.xzz+.5).xyz-.5;"
   "r.y=(m.y-.35)*1.3;"
   "y=max(abs(m.y-.3)-.05,abs(length(fract(m.xz)-.5)-.4)-.03);"
   "u=step(a,y);"
   "return min(min(y,a),m.y-.2);"
 "}"
 "vec3 x=vec3(.19,.2,.24),i=vec3(1),z=vec3(.45,.01,0),o=vec3(.17,0,0);";

#endif // SULT_EXPECTED_
