/* File generated with Shader Minifier 1.2
 * http://www.ctrl-alt-test.fr
 */
#ifndef SULT_EXPECTED_
# define SULT_EXPECTED_
# define VAR_RESOLUTION "m"
# define VAR_TIME "c"

const char *sult_frag =
 "float v=5.,z=.9,y=0.,a=90.,x=0.;"
 "vec3 r=vec3(1,1,1),n=vec3(0,0,1),s=vec3(0,0,1.5);"
 "uniform vec2 m;"
 "uniform float c;"
 "vec3 rotatey(vec3 v,float r)"
 "{"
   "return vec3(v.x*cos(r)+v.z*sin(r),v.y,v.z*cos(r)-v.x*sin(r));"
 "}"
 "vec3 e(vec3 v,float r)"
 "{"
   "return vec3(v.y*cos(r)+v.z*sin(r),v.x,v.z*cos(r)-v.y*sin(r));"
 "}"
 "float f=0.,w=10.;"
 "float e(vec3 r)"
 "{"
   "float y=c,w,z=0.,g,x,a;"
   "vec3 m;"
   "r+=(sin(r.zxy*1.7+y)+sin(r.yzx+y*3.))*.2;"
   "if(v<6.)"
     "z=length(r.xyz*vec3(1,1,.1)-vec3(0,-.1,y*.15-.3))-.34;"
   "else"
     " z=length(r.xy+vec2(0.,.7))-.3+(sin(r.z*17.+y*.6)+sin(r.z*2.)*6.)*.01;"
   "r.xy=vec2(atan(r.x,r.y)*1.113,1.6-length(r.xy)-sin(y*2.)*.3);"
   "m=fract(r.xzz+.5).xyz-.5;"
   "m.y=(r.y-.35)*1.3;"
   "w=max(abs(r.y-.3)-.05,abs(length(fract(r.xz)-.5)-.4)-.03);"
   "f=step(z,w);"
   "return min(min(w,z),r.y-.2);"
 "}"
 "vec3 d=vec3(.19,.2,.24),o=vec3(1),t=vec3(.45,.01,0),g=vec3(.17,0,0);"
 "void e()"
 "{"
   "vec2 l=-1.+2.*gl_FragCoord.xy/m.xy;"
   "vec3 i=normalize(rotatey(rotatey(vec3(l.y*z,l.x*z*1.33,1),-y*.035).yxz,(a+x*c)*.035)),p=n+s*c;"
   "float u=1.,h=0.,F,C,b=0.,Z,Y,X,W;"
   "vec3 V=vec3(.01,0,0),U=V.yyy,T;"
   "while(u>.1)"
     "{"
       "for(F=b,C=1.;F<w&&C>.005;F+=C)"
         "C=e(p+i*F);"
       "if(F<w)"
         "p+=i*F,Z=e(p),X=f,T=normalize(-vec3(Z-e(p+V.xyy),Z-e(p+V.yxy),Z-e(p+V.yyx))),Y=clamp(e(p+T*.05)*4.+e(p+T*.1)*2.+.5,.1,1.),h=X*.3,T=normalize(T+step(4.,v)*f*sin(p.yzx*40.)*.05),i=reflect(i,T),W=clamp(dot(normalize(r),T),0.,1.),T=mix(mix(d,o,W),t*(W+.2),X)+vec3(.7*pow(clamp(dot(normalize(r),i),0.,1.),12.)),U+=u*mix(T*Y,g,F/w),u*=h*(1.-F/w),b=.1;"
       "else"
         " U+=u*g,u=0.;"
     "}"
   "gl_FragColor.xyz=U;"
   "gl_FragColor.w=1.;"
 "}";

#endif // SULT_EXPECTED_
