/* File generated with Shader Minifier 1.1.6
 * http://www.ctrl-alt-test.fr
 */
#ifndef TWIST_FRAG_EXPECTED_
# define TWIST_FRAG_EXPECTED_
# define VAR_RESOLUTION "f"
# define VAR_TEX0 "y"
# define VAR_TEX1 "o"
# define VAR_TEX2 "r"
# define VAR_TEX3 "z"
# define VAR_TIME "s"

const char *twist_frag =
 "uniform vec2 f;"
 "uniform float s;"
 "uniform sampler2D y,o,r,z;"
 "void main()"
 "{"
   "vec2 r=-1.+2.*gl_FragCoord.xy/f.xy,z;"
   "float x=atan(r.y,r.x),o=sqrt(dot(r,r));"
   "z.x=o-.25*s;"
   "z.y=cos(x*5.+2.*sin(s+7.*o));"
   "vec3 m=(.5+.5*z.y)*texture2D(y,z).xyz;"
   "gl_FragColor=vec4(m,1.);"
 "}";

#endif // TWIST_FRAG_EXPECTED_
