/* File generated with Shader Minifier 1.1.6
 * http://www.ctrl-alt-test.fr
 */
#ifndef BLOOM_PIXEL_GLSL_EXPECTED_
# define BLOOM_PIXEL_GLSL_EXPECTED_
# define VAR_INVTEXHEIGHT "t"
# define VAR_TEX "m"

const char *bloom_pixel_glsl =
 "uniform sampler2D m;"
 "uniform float t;"
 "void main()"
 "{"
   "vec2 z=gl_TexCoord[0].xy,r=vec2(0.,t);"
   "const vec3 v=vec3(.5,.5,.5),y=vec3(0.,0.,0.);"
   "vec3 f=max(y,texture2D(m,z-2.14286*r).xyz-v),e=max(y,texture2D(m,z-.6*r).xyz-v),x=max(y,texture2D(m,z+.6*r).xyz-v),o=max(y,texture2D(m,z+2.14286*r).xyz-v),a=.4375*(f+o)+1.5625*(e+x);"
   "gl_FragColor=vec4(a,1.);"
 "}";

#endif // BLOOM_PIXEL_GLSL_EXPECTED_
