/* File generated with Shader Minifier 1.1.6
 * http://www.ctrl-alt-test.fr
 */
#ifndef DFC_PIXEL_GLSL_EXPECTED_
# define DFC_PIXEL_GLSL_EXPECTED_
# define VAR_LOCALTIME "v"

const char *dfc_pixel_glsl =
 "const float f=3.14159;"
 "uniform float v;"
 "vec3 s(float s,float y)"
 "{"
   "float c=(s+1.)*350.,r=(y+1.)*350.,i=(c-350.)/20.,o=(r-350.)/20.,g=i,u=o+v,t=cos(i/5.),e=cos(o/5.),l=cos(t),a=sin(t),n=cos(e),x=sin(e);"
   "vec3 m=vec3(0.,0.,0.);"
   "for(int d=0;d<=30;d++)"
     "{"
       "float C=(float(d)-15.)*2.,q=C,F=cos(C/20.),T=u*l+q*a;"
       "q=q*l-u*a;"
       "u=T;"
       "float b=g*n+q*x;"
       "q=q*n-g*x;"
       "g=b;"
       "vec3 h=vec3(128.)+vec3(128.)*vec3(cos(q),cos(q+f*2./3.),cos(q-f*2./3.));"
       "float j=sqrt(g*g+u*u+q*q)-30.,k=.25/(1.+400.*j*j);"
       "m=m*(1.-k)+h*k;"
     "}"
   "return m;"
 "}"
 "void main()"
 "{"
   "vec2 f=.5*gl_TexCoord[0].xy+vec2(.1,.1);"
   "gl_FragColor=vec4(.15*s(f.x,f.y),1.);"
 "}";

#endif // DFC_PIXEL_GLSL_EXPECTED_
