/* File generated with Shader Minifier 1.1.6
 * http://www.ctrl-alt-test.fr
 */
#ifndef FONT_PIXEL_GLSL_EXPECTED_
# define FONT_PIXEL_GLSL_EXPECTED_
# define VAR_FILL "r"
# define VAR_TEX "m"

const char *font_pixel_glsl =
 "uniform sampler2D m,r;"
 "void main()"
 "{"
   "vec2 r=gl_TexCoord[0].xy;"
   "vec4 t=texture2D(m,r),g=texture2D(g,r*3.);"
   "gl_FragColor=t*g*gl_Color;"
 "}";

#endif // FONT_PIXEL_GLSL_EXPECTED_
