/* File generated with Shader Minifier 1.1.6
 * http://www.ctrl-alt-test.fr
 */
#ifndef LOGOFINAL_PIXEL_GLSL_EXPECTED_
# define LOGOFINAL_PIXEL_GLSL_EXPECTED_
# define VAR_TEX "m"

const char *logofinal_pixel_glsl =
 "uniform sampler2D m;"
 "void main()"
 "{"
   "vec2 r=gl_TexCoord[0].xy;"
   "vec4 s=texture2D(m,r);"
   "gl_FragColor=gl_Color*s;"
 "}";

#endif // LOGOFINAL_PIXEL_GLSL_EXPECTED_
