/* File generated with Shader Minifier 1.1.6
 * http://www.ctrl-alt-test.fr
 */
#ifndef ORANGE_PIXEL_GLSL_EXPECTED_
# define ORANGE_PIXEL_GLSL_EXPECTED_
# define VAR_ENV "t"
# define VAR_GRAIN "v"
# define VAR_INTENSITY "i"
# define VAR_LOCALTIME "x"
# define VAR_POS "d"
# define VAR_TEX "f"
# define VAR_ZOOM "y"

const char *orange_pixel_glsl =
 "uniform sampler2D f,v;"
 "const int r=5;"
 "uniform float t;"
 "uniform vec3 d[r];"
 "uniform float i[r],x,y;"
 "const float m=3.14159;"
 "void main()"
 "{"
   "float r=gl_TexCoord[0].x*y,v=gl_TexCoord[0].y*y,g=x*.25;"
   "vec4 u=vec4(0.);"
   "for(int c=0;c<5;c++)"
     "{"
       "vec3 s=vec3(r,v,0.)-d[c];"
       "float o=atan(s.y,s.x),e=t,l=(e+x)*.03,a=g+o/m+float(c)*.1,n=length(s);"
       "vec4 z=texture2D(z,vec2(.5,.3*n));"
       "u+=texture2D(f,vec2(a,l))*z*(i[c]/(1.+.2*n));"
     "}"
   "gl_FragColor=vec4(u.xyz*.6+.4*t,1.);"
 "}";

#endif // ORANGE_PIXEL_GLSL_EXPECTED_
