/* File generated with Shader Minifier 1.1.6
 * http://www.ctrl-alt-test.fr
 */
#ifndef PARTICLE_PIXEL_GLSL_EXPECTED_
# define PARTICLE_PIXEL_GLSL_EXPECTED_
# define VAR_ALPHA "v"
# define VAR_INTENSITY "f"
# define VAR_TEX "d"

const char *particle_pixel_glsl =
 "uniform sampler2D d;"
 "uniform float f,v;"
 "void main()"
 "{"
   "vec4 m=texture2D(d,gl_TexCoord[0].xy);"
   "float g=dot(m.xyz,vec3(.33,.33,.33))*m.w*v;"
   "if(g<.05)"
     "discard;"
   "gl_FragData[0]=vec4(m.xyz*f,g);"
 "}";

#endif // PARTICLE_PIXEL_GLSL_EXPECTED_
