/* File generated with Shader Minifier 1.1.6
 * http://www.ctrl-alt-test.fr
 */
#ifndef PUT_VERTEX_GLSL_EXPECTED_
# define PUT_VERTEX_GLSL_EXPECTED_

const char *put_vertex_glsl =
 "void main()"
 "{"
   "gl_TexCoord[0]=gl_MultiTexCoord0,gl_Position=ftransform(),gl_FrontColor=gl_Color;"
 "}";

#endif // PUT_VERTEX_GLSL_EXPECTED_
