/* File generated with Shader Minifier 1.1.6
 * http://www.ctrl-alt-test.fr
 */
#ifndef PUTTEXTURE_PIXEL_GLSL_EXPECTED_
# define PUTTEXTURE_PIXEL_GLSL_EXPECTED_
# define VAR_AMOUNTTEX0 "f"
# define VAR_AMOUNTTEX1 "o"
# define VAR_AMOUNTTEX2 "t"
# define VAR_AMOUNTTEX3 "l"
# define VAR_TEX0 "m"
# define VAR_TEX1 "e"
# define VAR_TEX2 "r"
# define VAR_TEX3 "y"

const char *puttexture_pixel_glsl =
 "uniform sampler2D m,e,r,y;"
 "uniform float f,o,t,l;"
 "void main()"
 "{"
   "vec2 s=gl_TexCoord[0].xy;"
   "vec4 u=texture2D(m,s),x=texture2D(e,s),D=texture2D(r,s),a=texture2D(y,s);"
   "gl_FragColor=gl_Color*(f*u+x*o+t*D+a*l);"
 "}";

#endif // PUTTEXTURE_PIXEL_GLSL_EXPECTED_
