/* File generated with Shader Minifier 1.1.6
 * http://www.ctrl-alt-test.fr
 */
#ifndef TONEMAPPING_VERTEX_GLSL_EXPECTED_
# define TONEMAPPING_VERTEX_GLSL_EXPECTED_

const char *tonemapping_vertex_glsl =
 "void main()"
 "{"
   "gl_TexCoord[0]=gl_MultiTexCoord0,gl_Position=ftransform();"
 "}";

#endif // TONEMAPPING_VERTEX_GLSL_EXPECTED_
