/* File generated with Shader Minifier 1.1.6
 * http://www.ctrl-alt-test.fr
 */
#ifndef TUNNEL_PIXEL_GLSL_EXPECTED_
# define TUNNEL_PIXEL_GLSL_EXPECTED_
# define VAR_ALPHA "v"
# define VAR_COLOR "e"
# define VAR_PROF "z"
# define VAR_ST "f"
# define VAR_TEX "m"
# define VAR_TIME "s"

const char *tunnel_pixel_glsl =
 "varying vec2 f;"
 "uniform float v;"
 "uniform sampler2D m;"
 "uniform float s;"
 "uniform vec4 e;"
 "varying float z;"
 "void main()"
 "{"
   "vec3 s=texture2D(m,f).xyz;"
   "float u=v<.9?1.:1.-.7*dot(vec3(.33,.33,.33),s);"
   "u*=exp(-.1*abs(z));"
   "gl_FragData[0]=e*vec4(s*1.6,u);"
 "}";

#endif // TUNNEL_PIXEL_GLSL_EXPECTED_
