/* File generated with Shader Minifier 1.1.6
 * http://www.ctrl-alt-test.fr
 */
#ifndef TUNNEL_VERTEX_GLSL_EXPECTED_
# define TUNNEL_VERTEX_GLSL_EXPECTED_
# define VAR_PROF "v"
# define VAR_ST "n"

const char *tunnel_vertex_glsl =
 "varying vec2 n;"
 "varying float v;"
 "void main()"
 "{"
   "n=gl_MultiTexCoord0.xy;"
   "vec4 g=ftransform();"
   "v=gl_Color.x*50.;"
   "gl_Position=g;"
 "}";

#endif // TUNNEL_VERTEX_GLSL_EXPECTED_
