/* File generated with Shader Minifier 1.1.6
 * http://www.ctrl-alt-test.fr
 */
#ifndef DISTANCEFIELDRAYTRACE_VS_EXPECTED_
# define DISTANCEFIELDRAYTRACE_VS_EXPECTED_
# define VAR_DIR "n"
# define VAR_ORG "g"

const char *distancefieldRaytrace_vs =
 "varying vec3 g,n;"
 "void main()"
 "{"
   "gl_Position=gl_Vertex,g=vec3(0,0,0),n=normalize(vec3(gl_Vertex.x*1.6,gl_Vertex.y,2));"
 "}";

#endif // DISTANCEFIELDRAYTRACE_VS_EXPECTED_
