/* File generated with Shader Minifier 1.1.6
 * http://www.ctrl-alt-test.fr
 */
#ifndef GRADATION_GS_EXPECTED_
# define GRADATION_GS_EXPECTED_
# define VAR_P "n"

const char *gradation_gs =
 "varying vec4 n;"
 "void main()"
 "{"
   "gl_Position=gl_Vertex,n=gl_Vertex;"
 "}";

#endif // GRADATION_GS_EXPECTED_
