/* File generated with Shader Minifier 1.1.6
 * http://www.ctrl-alt-test.fr
 */
#ifndef BLITGIRL_FRAG_EXPECTED_
# define BLITGIRL_FRAG_EXPECTED_
# define VAR_BORDER "s"
# define VAR_NOISE "o"
# define VAR_SIZE "t"
# define VAR_TEX "x"

const char *blitgirl_frag =
 "uniform sampler2D x,o;"
 "uniform vec2 t;"
 "uniform float s;"
 "void main()"
 "{"
   "vec2 y=gl_TexCoord[0].xy,r=y*t;"
   "float o=smoothstep(0.,s,r.x)-smoothstep(t.x-s,t.x,r.x),e=smoothstep(0.,s,r.y)-smoothstep(t.y-s,t.y,r.y),z=s*3.,m=smoothstep(0.,z,r.x)-smoothstep(t.x-z,t.x,r.x),p=smoothstep(0.,z,r.y)-smoothstep(t.y-z,t.y,r.y),g=texture2D(g,r).x,h=max(0.,o*e-g*(1.-m*p));"
   "gl_FragColor=vec4(gl_Color.xyz,h)*texture2D(x,y);"
 "}";

#endif // BLITGIRL_FRAG_EXPECTED_
