/* File generated with Shader Minifier 1.1.6
 * http://www.ctrl-alt-test.fr
 */
#ifndef FINAL_FRAG_EXPECTED_
# define FINAL_FRAG_EXPECTED_
# define VAR_BLURAMOUNT "z"
# define VAR_BLURTYPE "m"
# define VAR_GAMMARAMP "s"
# define VAR_INVHEIGHT "e"
# define VAR_INVWIDTH "y"
# define VAR_TEX "v"

const char *final_frag =
 "uniform sampler2D v;"
 "uniform sampler3D s;"
 "uniform float m,z,e,y;"
 "void main()"
 "{"
   "vec2 e=gl_TexCoord[0].xy;"
   "vec4 r=(texture2DLod(v,e,7.)+texture2DLod(v,e,6.)+texture2DLod(v,e,5.)+texture2DLod(v,e,4.)+texture2DLod(v,e,3.)+texture2DLod(v,e,2.)+texture2DLod(v,e,1.))*vec4(.142857),y=texture2D(v,e),t=vec4(1.)-(vec4(1.)-r)*(vec4(1.)-y),o=t*mix(t,vec4(1.),m),x=mix(y,o,z);"
   "gl_FragColor=texture3D(s,x.xyz);"
 "}";

#endif // FINAL_FRAG_EXPECTED_
