/* File generated with Shader Minifier 1.1.6
 * http://www.ctrl-alt-test.fr
 */
#ifndef LAMBERT2_VS_EXPECTED_
# define LAMBERT2_VS_EXPECTED_
# define VAR_N "m"
# define VAR_INVCAMMAT "v"
# define VAR_L1_POS "n"
# define VAR_L2_POS "u"
# define VAR_L3_POS "x"
# define VAR_LIGHT1POS "g"
# define VAR_LIGHT2POS "l"
# define VAR_LIGHT3POS "z"
# define VAR_POS "r"

const char *lambert2_vs =
 "uniform vec3 g,l,z;"
 "uniform mat4 v;"
 "varying vec3 m,r,n,u,x;"
 "void main()"
 "{"
   "m=gl_NormalMatrix*gl_Normal;"
   "vec4 v=gl_ModelViewMatrix*gl_Vertex;"
   "r=v.xyz;"
   "n=(gl_ModelViewMatrix*vec4(g,1.)).xyz;"
   "u=(gl_ModelViewMatrix*vec4(l,1.)).xyz;"
   "x=(gl_ModelViewMatrix*vec4(z,1.)).xyz;"
   "gl_TexCoord[0]=gl_MultiTexCoord0;"
   "gl_FrontColor=gl_Color;"
   "gl_Position=ftransform();"
 "}";

#endif // LAMBERT2_VS_EXPECTED_
