/* File generated with Shader Minifier 1.1.6
 * http://www.ctrl-alt-test.fr
 */
#ifndef PARTICLE_VS_EXPECTED_
# define PARTICLE_VS_EXPECTED_
# define VAR_MAXDIST "v"
# define VAR_MAXSIZE "r"
# define VAR_MINDIST "f"
# define VAR_MINSIZE "g"

const char *particle_vs =
 "uniform float f,v,g,r;"
 "void main()"
 "{"
   "gl_TexCoord[0]=gl_MultiTexCoord0;"
   "vec4 e=ftransform();"
   "gl_Position=e;"
   "float n=(e.z-f)/(v-f);"
   "gl_FrontColor=gl_Color*vec4(vec3(1),n);"
   "gl_PointSize=g+r*n;"
 "}";

#endif // PARTICLE_VS_EXPECTED_
