/* File generated with Shader Minifier 1.1.6
 * http://www.ctrl-alt-test.fr
 */
#ifndef PARTICLE_FRAG_EXPECTED_
# define PARTICLE_FRAG_EXPECTED_
# define VAR_INTENSITY "v"
# define VAR_TEX "m"

const char *particle_frag =
 "uniform sampler2D m;"
 "uniform float v;"
 "void main()"
 "{"
   "vec2 r=gl_TexCoord[0].xy;"
   "gl_FragColor=vec4(vec3(v),1.)*gl_Color*texture2D(m,r);"
 "}";

#endif // PARTICLE_FRAG_EXPECTED_
