/* File generated with Shader Minifier 1.1.6
 * http://www.ctrl-alt-test.fr
 */
#ifndef PROGRESS_FRAG_EXPECTED_
# define PROGRESS_FRAG_EXPECTED_
# define VAR_PROGRESSION "m"
# define VAR_TEX "v"

const char *progress_frag =
 "uniform sampler2D v;"
 "uniform float m;"
 "vec3 s(vec3 v,float m)"
 "{"
   "return mix(v,vec3(dot(vec3(.33),v)),m);"
 "}"
 "void main()"
 "{"
   "float r=1.57075,c=13.,x=gl_TexCoord[0].y,f=gl_TexCoord[0].x+.15*sin(x*2.*3.1415),o=smoothstep(0.,.1,x)-smoothstep(.9,1.,x),g=.5+.5*sin(c*x),a=abs(g-f),e=sqrt(max(0.,2.5-(9.-3.*abs(cos(c*x)))*a)),t=e*max(0.,-cos(c*x)),d=.5+.5*sin(c*x+r),l=abs(d-f),i=sqrt(max(0.,2.5-(9.-3.*abs(cos(c*x+r)))*l)),n=i*max(0.,-cos(c*x+r)),C=.5+.5*sin(c*x+r*2.),b=abs(C-f),T=sqrt(max(0.,2.5-(9.-3.*abs(cos(c*x+r*2.)))*b)),q=T*max(0.,-cos(c*x+r*2.)),u=.5+.5*sin(c*x+r*3.),p=abs(u-f),h=sqrt(max(0.,2.5-(9.-3.*abs(cos(c*x+r*3.)))*p)),y=h*max(0.,-cos(c*x+r*3.));"
   "const float D=.3;"
   "float F=(gl_TexCoord[0].x+.51)/2.,j=(gl_TexCoord[0].x+.44)/2.,k=(gl_TexCoord[0].x+.55)/2.,w=(gl_TexCoord[0].x+.48)/2.;"
   "vec3 z=F<m?s(vec3(1.,.59,1.),D):vec3(.3,.3,.3),A=j<m?s(vec3(.6,.18,.19),D):vec3(.4,.4,.4),B=k<m?s(vec3(.97,.62,.462745),D):vec3(.6,.6,.6),E=w<m?s(vec3(.996078,.309804,.541176),D):vec3(.5,.5,.5);"
   "vec4 G=vec4(t*z+n*A+q*B+y*E,o*(t+n+q+y));"
   "vec2 H=gl_TexCoord[0].xy;"
   "gl_FragColor=gl_Color*G*mix(texture2D(v,H*vec2(1.5,4.5)),vec4(1.,1.,1.,1.),.5);"
 "}";

#endif // PROGRESS_FRAG_EXPECTED_
