/* File generated with Shader Minifier 1.1.6
 * http://www.ctrl-alt-test.fr
 */
#ifndef RAYMARCH_VS_EXPECTED_
# define RAYMARCH_VS_EXPECTED_
# define VAR_DIR "v"

const char *raymarch_vs =
 "varying vec3 v;"
 "void main()"
 "{"
   "vec4 n=ftransform();"
   "gl_Position=n;"
   "v=n.xyz;"
 "}";

#endif // RAYMARCH_VS_EXPECTED_
