/* File generated with Shader Minifier 1.1.6
 * http://www.ctrl-alt-test.fr
 */
#ifndef SCENE30_VS_EXPECTED_
# define SCENE30_VS_EXPECTED_
# define VAR_N "g"
# define VAR_POS "r"

const char *scene30_vs =
 "varying vec3 r,g;"
 "void main()"
 "{"
   "r=(gl_ModelViewMatrix*gl_Vertex).xyz,gl_Position=ftransform(),gl_FrontColor=gl_Color,g=gl_NormalMatrix*gl_Normal;"
 "}";

#endif // SCENE30_VS_EXPECTED_
