/* File generated with Shader Minifier 1.1.6
 * http://www.ctrl-alt-test.fr
 */
#ifndef SNAKE_VS_EXPECTED_
# define SNAKE_VS_EXPECTED_
# define VAR_NORMAL "r"
# define VAR_PROFONDEUR "n"

const char *snake_vs =
 "varying vec3 r;"
 "varying float n;"
 "void main()"
 "{"
   "gl_FrontColor=gl_Color,r=normalize(gl_Normal),gl_Position=ftransform(),n=gl_Position.z;"
 "}";

#endif // SNAKE_VS_EXPECTED_
