// Generated with  (https://github.com/laurentlb/Shader_Minifier/)
#ifndef MOUTON_EXPECTED_
# define MOUTON_EXPECTED_
# define VAR_a_position "v"
# define VAR_animationAmp "i"
# define VAR_animationSpeed "f"
# define VAR_anvilPos "z"
# define VAR_blink "d"
# define VAR_camFocal "o"
# define VAR_camPos "c"
# define VAR_camTa "l"
# define VAR_excited "n"
# define VAR_eyeDir "a"
# define VAR_eyesSurprise "p"
# define VAR_fishEyeFactor "u"
# define VAR_flowerPos "s"
# define VAR_fragColor "U"
# define VAR_headRot "e"
# define VAR_iTime "t"
# define VAR_noseSize "w"
# define VAR_panelPos "y"
# define VAR_panelWarningPos "x"
# define VAR_sheepPos "m"
# define VAR_sunDir "r"
# define VAR_tex "k"

const char *mouton_vert =
 "#version 150\n"
 "in vec4 v;"
 "out vec3 i,f,m,s,y,x,z,r,c,l,a;"
 "out vec2 e,n;"
 "out float d,o,p,u,w;"
 "uniform float t;"
 "void main()"
 "{"
   "gl_Position=v;"
   "float g=t;"
   "m=vec3(0);"
   "y=vec3(9e7);"
   "s=vec3(9e7);"
   "x=vec3(9e7);"
   "z=vec3(9e7);"
   "o=2.;"
   "d=max(fract(t*.333),fract(t*.123+.1));"
   "n=vec2(0);"
   "r=normalize(vec3(3.5,1,-1));"
   "f=vec3(1);"
   "u=0.;"
   "e=vec2(0);"
   "w=1.;"
   "p=0.;"
   "if(g<7.5)"
     "i=vec3(1,.2,1),f=vec3(1,1,.5),a=vec3(0,.45,1),e.y=.25,o=4.,c=vec3(0,2.5,-3.7),l=vec3(0,3,0);"
   "else if(g<14.5)"
     "i=vec3(1,.2,.25),f=vec3(1,1,2),a=vec3(0,.5,1),e.y=.25,o=4.,c=vec3(5,.5,0),l=vec3(0,.5,1);"
   "else if(g<29.5)"
     "{"
       "float v=g-14.5;"
       "i=vec3(1,.2,.25);"
       "f=vec3(1,1,2);"
       "a=vec3(0,.5,1);"
       "e.y=.25;"
       "c=vec3(5.+v*.5,2,v*.5);"
       "l=vec3(0,2,0);"
     "}"
   "else if(g<44.)"
     "{"
       "float v=g-29.;"
       "i=vec3(1,.2,.25);"
       "f=vec3(1,1,2);"
       "a=vec3(0,.5,1);"
       "e.y=.25;"
       "float x=v*.35+2.5;"
       "r=normalize(vec3(cos(x),sin(x),-.3));"
       "o=1.5;"
       "c=vec3(22,2,v*.6-10.);"
       "l=vec3(0,2,v*.6-10.);"
     "}"
   "else if(g<52.)"
     "{"
       "float v=g-44.,x=smoothstep(5.,5.5,v);"
       "e.y=mix(.25,0.,x);"
       "i=vec3(1.-x,.2*(1.-x),1);"
       "f=vec3(1,1,.5);"
       "a=vec3(x*.3,.3-x*.3,1);"
       "p=smoothstep(7.4,7.6,v)*.2;"
       "o=4.;"
       "c=vec3(0,3,-4);"
       "l=vec3(0,3,0);"
       "if(v>3.)"
         "d=max(fract(t*.333),fract(t*.333+.08));"
     "}"
   "else if(g<54.8)"
     "{"
       "y=vec3(-5,0,-8);"
       "m=vec3(9e7);"
       "a=vec3(.3,0,1);"
       "p=.2;"
       "float v=smoothstep(0.,.5,g-52.);"
       "o=mix(4.,3.,v);"
       "c=vec3(0,3,-4);"
       "l=mix(vec3(0,3,0),vec3(-5,5,-9),v);"
     "}"
   "else if(g<60.)"
     "{"
       "float v=g-55.;"
       "n.x=smoothstep(0.,.5,v);"
       "i=vec3(0);"
       "d=0.;"
       "a=vec3(.3,0,1);"
       "c=mix(vec3(0,3,-4),vec3(0,2,-6),n.x);"
       "l=vec3(0,3,0);"
       "o=mix(4.,3.,n.x)+smoothstep(0.,5.,v);"
     "}"
   "else if(g<65.)"
     "{"
       "float v=g-60.;"
       "a=vec3(0,0,1);"
       "m=vec3(0,0,-v*3.-2.);"
       "y=vec3(-5,0,-8);"
       "i=vec3(1,1,.5);"
       "f=vec3(3,1.5,8)*1.5;"
       "c=vec3(16,5,9);"
       "l=vec3(3,5,-2.-v);"
       "o=3.;"
     "}"
   "else if(g<73.)"
     "{"
       "float v=g-65.;"
       "i=vec3(1);"
       "f=vec3(3,1.5,8);"
       "float x=mod(v,8.);"
       "a=vec3(smoothstep(.5,1.,x)*smoothstep(2.8,2.5,x)-smoothstep(4.,4.5,x)*smoothstep(5.8,5.5,x)+cos(t)*.2,cos(t*.5)*.1+.1,1);"
       "u=.3;"
       "o=2.5;"
       "c=vec3(2.75,1,-5.25);"
       "l=vec3(0,2.3,0);"
       "x=mod(v,2.);"
       "w+=smoothstep(.5,.6,x)*smoothstep(.7,.6,x)*.3;"
       "x=mod(v+.3,3.);"
       "w+=smoothstep(.5,.6,x)*smoothstep(.7,.6,x)*.3;"
     "}"
   "else if(g<76.)"
     "{"
       "float v=g-73.,x=smoothstep(1.,3.,v);"
       "i=vec3(0,1.-x*.5,1);"
       "f=vec3(3,1.5,6);"
       "a=vec3(x*.5,.3-x*.45,1);"
       "o=4.;"
       "c=vec3(0,3,-4);"
       "l=vec3(0,3,0);"
       "if(v>3.)"
         "d=max(fract(t*.333),fract(t*.333+.08));"
     "}"
   "else if(g<81.25)"
     "{"
       "x=vec3(-5,0,-8);"
       "a=vec3(.5,-.15,1);"
       "i=vec3(0,.5,1);"
       "f=vec3(3,1.5,6);"
       "float v=smoothstep(0.,1.,g-76.);"
       "o=mix(4.,3.,v);"
       "c=vec3(0,3,-4);"
       "l=mix(vec3(0,3,0),vec3(-5,5,-9),v);"
     "}"
   "else if(g<88.)"
     "{"
       "float v=g-81.25;"
       "m=vec3(0,0,-11);"
       "x=vec3(-5,0,-8);"
       "a=normalize(mix(vec3(1,-.5,1),vec3(0,.5,1),smoothstep(2.8,3.2,v)));"
       "a=mix(a,vec3(1,-.5,1),smoothstep(6.,6.5,v));"
       "e.y=smoothstep(3.,3.5,v)*.6;"
       "e.x=smoothstep(3.,3.5,v)*smoothstep(7.,5.,v)*.25*sin(v*3.);"
       "i=vec3(1,.2,.5);"
       "f=vec3(0,.2,1);"
       "c=vec3(-3,4.8,-30);"
       "l=vec3(-3,4,0);"
       "o=3.5;"
     "}"
   "else if(g<96.)"
     "{"
       "float v=g-87.,s=smoothstep(6.,9.,v);"
       "m=vec3(0,0,v*.25-11.);"
       "x=vec3(-2,0,-8);"
       "a=vec3(-.5,.25-s,1);"
       "e.y=.5-s;"
       "i=vec3(1,.2,.5);"
       "f=vec3(-1,1,1)*.5;"
       "c=vec3(18,5,-5);"
       "l=vec3(-5,5,-6);"
       "o=3.;"
     "}"
   "else if(g<102.)"
     "{"
       "float v=g-96.;"
       "i=vec3(0);"
       "f=vec3(0);"
       "x=vec3(0,0,-8);"
       "l=mod(v,3.)<1.5?"
         "d=0.,c=vec3(0,2,-8),vec3(0,3,0):"
         "(c=vec3(0,5.5,2),vec3(0,5.75,0));"
       "a=vec3(0,-.1,1);"
       "o=3.+v*.1;"
     "}"
   "else if(g<110.)"
     "{"
       "float v=g-103.5,s=sin(min(v,5.));"
       "i=vec3(0);"
       "f=vec3(0);"
       "a=normalize(vec3(s*.7,0,1));"
       "a=mix(a,vec3(-.3,.2,1),smoothstep(5.2,5.4,v));"
       "e.x=s*.25;"
       "p=smoothstep(6.,6.2,v)*.2;"
       "m=vec3(0,(smoothstep(6.,6.2,v)-smoothstep(6.2,6.4,v))*.4,0);"
       "o=3.5;"
       "c=vec3(0,2,-8);"
       "l=vec3(0,3,0);"
     "}"
   "else if(g<112.)"
     "{"
       "m=vec3(9e7);"
       "x=vec3(-2,0,-8);"
       "s=vec3(5,0,-20);"
       "float v=smoothstep(.5,1.,g-110.);"
       "o=mix(3.,4.,v);"
       "c=vec3(0,5.5,2);"
       "l=mix(vec3(-.5,5.75,0),vec3(5,2,-20),v);"
       "n.x=v*.3;"
     "}"
   "else if(g<117.8)"
     "{"
       "float v=(g-112.)*1.2;"
       "i=vec3(.1);"
       "f=vec3(.2);"
       "o=2.8+v*.15;"
       "int m=int(v);"
       "if(m%4==1)"
         "x=vec3(0,0,-8),c=vec3(2.5,2,-1),l=vec3(1,5.25,-8),o=2.8+pow(v*.3,1.2);"
       "else if(m%4==3)"
         "s=vec3(4,0,-8),c=vec3(0,5.5,2),l=vec3(4,3,-8),n.x=.3+.2/12.,n.y=v/12.;"
       "else"
         " c=vec3(0,2.4,-8),l=vec3(0,3,0);"
       "float z=smoothstep(.3,.7,fract(v));"
       "if(m%4==0)"
         "z=1.-z;"
       "e.x=-z*.1;"
       "a=normalize(mix(vec3(.1,-.25,1),vec3(-.2,.2,1),z));"
       "a+=vec3(cos(v*10.),cos(v*5.),1)*.01;"
     "}"
   "else if(g<121.8)"
     "{"
       "float v=g-118.;"
       "m=vec3(9e7);"
       "x=vec3(-2,0,-8);"
       "s=vec3(5,0,-20);"
       "o=9.+v*.2;"
       "c=vec3(0,5.5,2);"
       "l=vec3(5,2,-20);"
       "n.x=.4;"
       "n.y=v;"
     "}"
   "else if(g<125.)"
     "{"
       "float v=g-120.;"
       "i=vec3(0,.1,0);"
       "f=vec3(0,.5,0);"
       "c=vec3(0,2.4,-8);"
       "l=vec3(0,3,0);"
       "e.x=-.1;"
       "e.y=sin(v*2.)*.1;"
       "p=smoothstep(0.,3.,v)*.1;"
       "a=vec3(-.2,.2,1);"
       "o=3.2-v*.15;"
       "n.x=.1;"
       "n.y=5.;"
     "}"
   "else if(g<137.)"
     "{"
       "float v=g-125.;"
       "a=vec3(0,0,1);"
       "m=vec3(0,0,-v*2.+2.);"
       "s=vec3(0,-.5,-30);"
       "i=vec3(1,1,.5);"
       "f=vec3(3,1.5,8);"
       "c=vec3(-2,3.5,mix(-10.,-33.,smoothstep(0.,10.,v)));"
       "l=vec3(2,2,-3.-v*2.);"
       "o=3.;"
     "}"
   "else if(g<142.)"
     "{"
       "float v=g-137.2;"
       "a=vec3(0,0,1);"
       "m=vec3(0,(1.-smoothstep(.3,.25,v))*-4.8,-22.-v*2.);"
       "s=vec3(2,0,-30);"
       "i=vec3(1,1,.5);"
       "f=vec3(3,1.5,8);"
       "c=vec3(-20,6,-13)+vec3(cos(v*72.),cos(v*64.),sin(v*48.))*3.*smoothstep(.3,.31,v)*smoothstep(.7,.1,v);"
       "l=vec3(3,2,-23);"
       "o=mix(4.,4.2,smoothstep(0.,5.,v));"
       "z=vec3(0,smoothstep(.3,.2,v)*13.,-22);"
     "}"
   "else"
     " a=vec3(0,0,1),m=vec3(9e7),x=vec3(-1,0,-8),s=vec3(1,0,-25),l=vec3(2,3.6,-18),c=vec3(5,5,2),o=2.5+smoothstep(1.7,2.2,g-143.)*4.2,z=vec3(7,0,-20);"
   "a=normalize(a);"
 "}";

const char *mouton_frag =
 "#version 150\n"
 "out vec4 U;"
 "const vec2 g=vec2(1920,1080);"
 "in vec3 i,f,m,s,y,x,z,r,c,l,a;"
 "in vec2 e,n;"
 "in float d,o,p,u,w;"
 "uniform float t;"
 "const float C=acos(-1.);"
 "float D=0.;"
 "vec2 h(vec2 i,vec2 v)"
 "{"
   "return i.x<v.x?"
     "i:"
     "v;"
 "}"
 "float h(vec3 v,vec3 i,float x)"
 "{"
   "float m=max(dot(v,normalize(i+v)),0.),y=2e3/x;"
   "x=3./x;"
   "return(pow(m,y)*(y+2.)+pow(m,x)*(x+2.)*2.)*.008;"
 "}"
 "vec3 h(vec3 v)"
 "{"
   "uvec3 i=uvec3((v+1e2)*1e4);"
   "i=(i>>8U^i.yzx)*1103515245U;"
   "i=(i>>8U^i.yzx)*1103515245U;"
   "i=(i>>8U^i.yzx)*1103515245U;"
   "return vec3(i)*(1./float(-1U));"
 "}"
 "float B(vec3 v)"
 "{"
   "vec3 i=floor(v);"
   "v=fract(v);"
   "v=v*v*v*(v*(v*6.-15.)+10.);"
   "return mix(mix(mix(h(i+vec3(0)).x,h(i+vec3(1,0,0)).x,v.x),mix(h(i+vec3(0,1,0)).x,h(i+vec3(1,1,0)).x,v.x),v.y),mix(mix(h(i+vec3(0,0,1)).x,h(i+vec3(1,0,1)).x,v.x),mix(h(i+vec3(0,1,1)).x,h(i+vec3(1)).x,v.x),v.y),v.z)*2.-1.;"
 "}"
 "vec2 A(vec3 v)"
 "{"
   "v.xz-=z.xz;"
   "v.y-=-z.y;"
   "float i=v.y+smoothstep(1.,20.,length(v.xz));"
   "return i<.4?"
     "i-=pow((B(v*.9)*.5+B(v*1.6)*.3+B(v*2.7)*.1)*.5+.5,3.)*.45*(1.-exp((-t+137.3)*3.)),vec2(i,12):"
     "vec2(9e7,0);"
 "}"
 "mat3 E(vec3 v)"
 "{"
   "v=normalize(l-v);"
   "vec3 i=normalize(cross(v,normalize(vec3(0,1,0))));"
   "return mat3(i,cross(i,v),v);"
 "}"
 "mat2 A(float v)"
 "{"
   "float x=cos(v);"
   "v=sin(v);"
   "return mat2(x,v,-v,x);"
 "}"
 "vec3 A(vec3 v,vec2 i,float m)"
 "{"
   "vec2 l=vec2(cos(t*.7+2.),sin(t*.7+2.)*.75);"
   "float c=smoothstep(.151,.15,length(i-l));"
   "vec2 a=A(t*2e-4)*i*2e2,f=floor(a);"
   "v=h(vec3(abs(f),abs(f.x)));"
   "float s=v.z*.06;"
   "return vec3(1,.9,.1)*(c*smoothstep(.13,.2701,length(i-l-vec2(.05))+.004*B(1e2*vec3(i-l,0))))*smoothstep(.5,-1.,r.y)+smoothstep(s,s*.01,length(fract(a)-.5+(v.xy-.5)))*(1.-c)+exp(-length(i-l)*2.)*.1+pow(m,2.);"
 "}"
 "float A(vec3 v,vec3 i)"
 "{"
   "v=abs(v)-i;"
   "return length(max(v,0.))+min(max(v.x,max(v.y,v.z)),0.);"
 "}"
 "vec2 F(vec3 v)"
 "{"
   "v-=z;"
   "v.xz=A(1.)*v.xz;"
   "float i=pow(clamp(v.y-1.,.004,1.),.5);"
   "i=A(v-vec3(0,1,0),vec3(1.5-i,1,2.5-i));"
   "if(i<10.)"
     "{"
       "i=min(i,A(v-vec3(0,3,0),vec3(2,1,3)));"
       "float f=max(max(length((v.yz-vec2(4.5,3))*vec2(1,.8))-2.,abs(v.x)-.5),v.y-3.5);"
       "i=min(i,f);"
       "return vec2(i-.1,11);"
     "}"
   "return vec2(9e7,0);"
 "}"
 "vec2 G(vec3 v)"
 "{"
   "v-=y;"
   "float i=A(v-vec3(0,7.5,-5),vec3(.8,.8,.1))-.2;"
   "if(i<7.)"
     "{"
       "i=max(i,abs(v.z+5.)-.1);"
       "float x=A(v-vec3(0,4,-5.1),vec3(.11,4,.08));"
       "return h(vec2(x,5),vec2(i,7));"
     "}"
   "return vec2(9e7,0);"
 "}"
 "float A(vec3 v,float i,float m,float g)"
 "{"
   "vec2 f=vec2(length(v.xz),v.y),l=vec2(g,i),t=vec2(g-m,2.*i),c=vec2(f.x-min(f.x,f.y<0.?"
     "m:"
     "g),abs(f.y)-i);"
   "f=f-l+t*clamp(dot(l-f,t)/dot(t,t),0.,1.);"
   "return(f.x<0.&&c.y<0.?"
     "-1.:"
     "1.)*sqrt(min(dot(c,c),dot(f,f)));"
 "}"
 "float B(vec3 v,vec3 i)"
 "{"
   "v-=i;"
   "i=vec3(0,2,4.9)-i;"
   "return length(v-i*clamp(dot(v,i)/dot(i,i),0.,1.))-.2;"
 "}"
 "float H(vec3 v)"
 "{"
   "vec2 i=vec2(.14*w,.05);"
   "return length(vec2(length(v.xy)-i.x,v.z))-i.y;"
 "}"
 "float E(vec3 v,vec3 i)"
 "{"
   "float y=length(v/i);"
   "return y*(y-1.)/length(v/(i*i));"
 "}"
 "vec2 I(vec3 v)"
 "{"
   "v-=s;"
   "vec3 i=v;"
   "i.x+=cos(.775+t)*3.1*.2;"
   "i.y-=2.8;"
   "i.zy=A(.7)*i.zy;"
   "float m=E(i-vec3(0,.3,0),vec3(1,.2+cos(i.x*150.)*sin(i.z*150.)*.05,1)*.25);"
   "if(m<5.)"
     "{"
       "vec2 f=vec2(m,8);"
       "vec3 c=i;"
       "float l=C*.2,a=atan(c.z,c.x),s=length(c.xz);"
       "a=mod(a-l/2.,l)-l/2.;"
       "c.xz=vec2(cos(a),sin(a))*s;"
       "l=E(c-vec3(.5,.2+sin(c.x*2.)*.2,0),vec3(2,.1+sin(c.z*40.)*.02,.75)*.25);"
       "if(l<f.x)"
         "f=vec2(l,9);"
       "l=max(length(v.xz+vec2(cos(v.y*.25+t)*v.y*.2+.02,-.1))-smoothstep(3.1,0.,v.y)*.05-.02,v.y-3.1);"
       "if(l<f.x)"
         "f=vec2(l,10);"
       "return f;"
     "}"
   "return vec2(9e7,0);"
 "}"
 "float A(float v,float i,float x)"
 "{"
   "float y=clamp(.5+.5*(i-v)/x,0.,1.);"
   "return mix(i,v,y)-x*y*(1.-y);"
 "}"
 "float B(float v,float x,float i)"
 "{"
   "i*=1.4;"
   "float y=max(i-abs(v-x),0.);"
   "return max(v,x)+y*y*y/(6.*i*i);"
 "}"
 "vec2 J(vec3 v)"
 "{"
   "v-=m;"
   "v.y-=1.;"
   "v.z-=-2.;"
   "float c=t*f.x;"
   "vec3 l=vec3(cos(c*C),cos(c*C*2.)*.1,0)*.025*i.x;"
   "c=length(v*vec3(1,1,.825)-vec3(0,1.5,2.55)-l)-2.;"
   "if(c<3.)"
     "{"
       "float m=pow(B((v-l+vec3(.05,0,.5))*2.)*.5+.5,.75)*2.-1.;"
       "c=c+.05-m*.2;"
       "m=mod(t*f.x,2.);"
       "float a=smoothstep(0.,.5,m),s=smoothstep(.5,1.,m),o=smoothstep(1.,1.5,m),r=smoothstep(1.5,2.,m);"
       "vec4 g=vec4(s*(1.-s),r*(1.-r),a*(1.-a),o*(1.-o)),n=(m*.5-vec4(s,r,a,o))*i.x;"
       "vec3 U=v;"
       "U.x-=.8;"
       "U.z-=2.+n.x;"
       "U.yz=A(g.x)*U.yz;"
       "a=A(U-vec3(0),.7,.3,.2);"
       "s=A(U-vec3(0,-.8,0),.2,.35,.3);"
       "U=v;"
       "U.x+=1.;"
       "U.z-=2.+n.y;"
       "U.yz=A(g.y)*U.yz;"
       "a=min(a,A(U-vec3(0),.7,.3,.2));"
       "s=min(s,A(U-vec3(0,-.8,0),.2,.35,.3));"
       "U=v;"
       "U.x-=1.;"
       "U.z-=4.+n.z;"
       "U.yz=A(g.z)*U.yz;"
       "a=min(a,A(U-vec3(0),.7,.3,.2));"
       "s=min(s,A(U-vec3(0,-.8,0),.2,.35,.3));"
       "U=v;"
       "U.x+=1.;"
       "U.z-=4.+n.w;"
       "U.yz=A(g.w)*U.yz;"
       "a=min(a,A(U-vec3(0),.7,.3,.2));"
       "s=min(s,A(U-vec3(0,-.8,0),.2,.35,.3));"
       "U=v+vec3(0,-2,-1.2);"
       "U.xz=A((smoothstep(0.,1.,abs(mod(t,1.)*2.-1.))*f.y-.5)*.25*i.y+e.x)*U.xz;"
       "U.zy=A(sin(t*f.y)*.25*i.y-e.y)*U.zy;"
       "o=A(length(U-vec3(0,-1.3,-1.2))-1.,length(U-vec3(0))-.5,1.8);"
       "vec3 u;"
       "r=A(length(U-vec3(0,.35,-.1))-.55-(cos(U.z*8.+U.y*4.5+U.x*4.)+cos(U.z*4.+U.y*6.5+U.x*8.))*.05,c,.1);"
       "u=U;"
       "u.yz=A(-.6)*u.yz;"
       "u.x=abs(v.x)-.8;"
       "u*=vec3(.3,1,.4);"
       "u-=vec3(0,-.05-pow(u.x,2.)*5.,-.1);"
       "m=B(length(u)-.15,-length(u-vec3(0,-.1,0))+.12,.01);"
       "u.y*=.3;"
       "u.y-=-.11;"
       "float L=length(u)-.16;"
       "u=U;"
       "u.x=abs(U.x)-.4;"
       "float C=length(u*vec3(1,1,1.-p)-vec3(0,0,-1))-.3,F=A(B(abs(C)-.01,A(-abs(U.y+U.z*.025)+.25-smoothstep(.95,.96,d)*.3+cos(t)*.02,-U.z-1.-p*1.8,.2),.01),o,.02);"
       "o=min(o,F);"
       "u.x=abs(U.x)-.2;"
       "u.xz=A(-.45)*u.xz;"
       "o=A(B(o,-length(u-vec3(-.7,-1.2,-2.05))+.14*w,.1),H(u-vec3(-.7,-1.2,-1.94)),.05);"
       "F=A(c,B(v-vec3(0,-.1,cos(v.y-.7)*.5),vec3(cos(t*f.z)*i.z,.2,5))-(cos(v.z*8.+v.y*4.5+v.x*4.)+cos(v.z*4.+v.y*6.5+v.x*3.))*.02,.1);"
       "vec2 k=h(h(vec2(c,1),vec2(F,1)),vec2(r,1));"
       "k.x=B(k.x,-L,.15);"
       "k=h(h(h(h(h(k,vec2(a,2)),vec2(o,2)),vec2(C,3)),vec2(s,4)),vec2(m,2));"
       "D=o;"
       "return k;"
     "}"
   "return vec2(c,1);"
 "}"
 "float B(vec3 v,vec2 i,float m)"
 "{"
   "return max(abs(v.z)-i.y,B(B(v.x*.9+v.y*.5,-v.x*.9+v.y*.5,m),-v.y,m)-i.x*.5);"
 "}"
 "vec2 K(vec3 v)"
 "{"
   "v-=x;"
   "float i=B(v-vec3(0,7.5,-5),vec2(1.7,.1),.3);"
   "if(i<8.)"
     "{"
       "i=B(i,-B(v-vec3(0,7.5,-5.1),vec2(1.6,.1),.3),.001);"
       "float f=A(v-vec3(0,4,-5.1),vec3(.11,4,.08));"
       "vec3 c=v;"
       "c.y=abs(c.y-7.3)-.3;"
       "f=min(f,A(c-vec3(0,0,-5.05),vec3(.35,.1,.05)));"
       "vec2 x=vec2(f,5);"
       "return h(x,vec2(i,6));"
     "}"
   "return vec2(9e7,0);"
 "}"
 "vec2 L(vec3 v)"
 "{"
   "return h(h(h(h(h(h(vec2(v.y,0),J(v)),I(v)),G(v)),K(v)),F(v)),A(v));"
 "}"
 "float A(vec3 v,vec3 i,float y,float t)"
 "{"
   "float c=.5*y-L(v+i*y*.5).x;"
   "y=.95*(y-L(v+i*y).x);"
   "return clamp(1.-t*1.5*(c+y),0.,1.);"
 "}"
 "float F(vec3 v,vec3 i)"
 "{"
   "float f=.01;"
   "for(int c=0;c<128;c++)"
     "{"
       "float m=L(v+i*f).x;"
       "f+=m;"
       "if(f>1e2||abs(m)<.001)"
         "break;"
     "}"
   "return f;"
 "}"
 "float M(vec3 v)"
 "{"
   "vec3 i=r;"
   "float f=1.,y=.08;"
   "for(int c=0;c<64;c++)"
     "{"
       "float m=L(v+i*y).x;"
       "f=min(f,30.*m/y);"
       "y+=m;"
       "if(f<1e-4||y>50.)"
         "break;"
     "}"
   "return clamp(f,0.,1.);"
 "}"
 "float A(vec2 v,float i,float y,float s)"
 "{"
   "v.x=abs(v.x);"
   "float m=(i-y)/s,c=sqrt(1.-m*m),f=dot(v,vec2(-m,c));"
   "return f<0.?"
     "length(v)-i:"
     "f>c*s?"
       "length(v-vec2(0,s))-y:"
       "dot(v,vec2(c,m))-i;"
 "}"
 "float A(vec2 v,float m)"
 "{"
   "vec2 i=vec2(.81,-.59),s=vec2(-i.x,i.y);"
   "v.x=abs(v.x);"
   "v-=2.*max(dot(i,v),0.)*i;"
   "v-=2.*max(dot(s,v),0.)*s;"
   "v.x=abs(v.x);"
   "v.y-=m;"
   "i=.5*vec2(-i.y,i)-vec2(0,1);"
   "float f=clamp(dot(v,i)/dot(i,i),0.,m);"
   "return length(v-i*f)*sign(v.y*i.x-v.x*i.y);"
 "}"
 "void main()"
 "{"
   "vec2 v=gl_FragCoord.xy/g,i=v*2.-1.;"
   "i.x*=g.x/g.y;"
   "vec3 m=c,f=E(m)*normalize(vec3(i,o-length(i)*u));"
   "float l=F(m,f);"
   "vec3 d=m+f*l;"
   "vec2 e=L(d),k=vec2(1e-4,0);"
   "vec3 w=normalize(vec3(e.x-L(d-k.xyy).x,e.x-L(d-k.yxy).x,e.x-L(d-k.yyx).x));"
   "float C=smoothstep(0.,.3,r.y)+.1,G=A(d,w,.15,1.)*A(d,w,1.,.1)*.5,H=M(d),I=1.+dot(f,w);"
   "vec3 J=vec3(1,.8,.7)*max(dot(w,r),0.)*pow(vec3(H),vec3(1,1.2,1.5)),K=vec3(1,.8,.7)*.1*max(dot(w,-r),0.)*G,N=vec3(.5)*mix(A(d,f,.3,.75),A(d,r,.3,.75),.5),O=vec3(1)*max(dot(reflect(f,w),r),0.),P=vec3(0),Q=vec3(.4,.45,.5)*G,R=vec3(0),b=vec3(0);"
   "if(e.y==0.)"
     "b=vec3(3),N*=0.,O*=0.;"
   "else if(e.y==1.)"
     "b=vec3(.4),N*=I*.5+.5,R=vec3(.35),O=pow(O,vec3(4))*I*.25;"
   "else if(e.y==4.)"
     "b=vec3(.025),N*=0.,O=pow(O,vec3(80))*I*10.;"
   "else if(e.y==3.)"
     "{"
       "N*=.5;"
       "vec3 v=normalize(a+(B(vec3(t,t*.5,t*1.5))*2.-1.)*.01),i=cross(v,vec3(0,1,0)),c=cross(v,i);"
       "i=cross(c,v);"
       "v=w.z*v+w.x*i+w.y*c;"
       "i=f.z*a+f.x*i+f.y*c;"
       "vec2 s=i.xy/i.z*length(v.xy)/length(m-d)*.4;"
       "v.xy-=s*smoothstep(.01,0.,dot(v,f));"
       "float l=.2+p*.5,g=length(v.xy),o=atan(v.x,v.y);"
       "c=mix(vec3(.5,.3,.1),vec3(0,.8,1),smoothstep(.16,.3,g)*.3+cos(o*15.)*.04);"
       "l=smoothstep(l,l+.02,g);"
       "b=mix(c*.3,mix(c*((smoothstep(-.9,1.,B(vec3(g*10.,o*30.+cos(g*50.+B(vec3(o))*50.),0)))+smoothstep(-.9,1.,B(vec3(g*10.,o*40.+cos(g*30.+B(vec3(o))*50.)*2.,0))))*.5+.5)*smoothstep(.3,.29,g)*(vec3(1,.8,.7)*pow(max(0.,dot(normalize(vec3(3,1,-1)),v)),8.)*3e2+.5)*l+pow(O,vec3(800))*3,vec3(.8),smoothstep(.29,.3,g)),smoothstep(0.,.05,abs(g-.3)+.01));"
       "w=mix(normalize(w+(a+w)*4.),w,smoothstep(.3,.32,g));"
       "{"
         "vec3 e=normalize(vec3(1,1.5,-1)),U=vec3(-e.x,e.y*.5,e.z);"
         "P=(mix(mix(vec3(.3,.3,0),vec3(.1),smoothstep(-.7,.2,i.y)),vec3(.3,.65,1),smoothstep(0.,1.,i.y))+(h(i,e,.1)+h(i,U,2.)*.1+h(i,normalize(e+vec3(.2,0,0)),.3)+h(i,normalize(e+vec3(.2,0,.2)),.5)+h(i,normalize(U+vec3(.1,0,.2)),8.)*.5)*vec3(1,.9,.8))*mix(.15,.2,l)*sqrt(I)*2.5;"
       "}"
       "L(d);"
       "b*=smoothstep(0.,.015,D)*.4+.6;"
       "O*=0.;"
     "}"
   "else if(e.y==5.)"
     "b=vec3(.85,.95,1),N*=0.,O=pow(O,vec3(8))*I*2.;"
   "else if(e.y==6.)"
     "{"
       "vec3 c=d-x;"
       "N*=0.;"
       "O=pow(O,vec3(8))*I*20.;"
       "b=w.z>.5?"
         "mix(mix(vec3(1.5,0,0),vec3(2),smoothstep(.005,0.,B(c-vec3(0,7.5,-5),vec2(1.3,.2),.01))),vec3(0),smoothstep(.13,.1295,length(c-vec3(0,7.1,-4.9)))+smoothstep(.005,0.,A(c.xy-vec2(0,7.34),.06,.14,1.))):"
         "vec3(.85,.95,1);"
     "}"
   "else if(e.y==7.)"
     "{"
       "vec3 f=d-y;"
       "N*=0.;"
       "O=pow(O,vec3(8))*I*10.;"
       "if(w.z>.5)"
         "{"
           "b=vec3(0,0,1.5);"
           "f.y-=7.4;"
           "float x=A(f-vec3(0,.1,-5),vec3(.8,.8,1)),m=0.;"
           "f.xy=A(.8)*f.xy;"
           "m=(m+smoothstep(.01,0.,A(f.xy-vec2(-.04,-.6),.1,.05,1.))+smoothstep(.01,0.,A(f.xy-vec2(-.04,.5),.16,.135,.15)))*smoothstep(0.,.01,A(f.xy-vec2(-.12,.56),.001,.02,.2))*smoothstep(0.,.01,A(f.xy-vec2(0,.56),.001,.02,.2));"
           "f.xy=A(-1.6)*f.xy;"
           "m=m+smoothstep(.01,0.,A(f.xy-vec2(.04,-.6),.1,.05,1.))+smoothstep(.01,0.,A(f.xy-vec2(.04,.5),.16,.1,.15));"
           "b=mix(mix(b,vec3(2),smoothstep(.01,0.,x)),vec3(0),m);"
         "}"
       "else"
         " b=vec3(1);"
     "}"
   "else if(e.y==8.)"
     "{"
       "vec3 f=d-s;"
       "f.x+=cos(.775+t)*3.1*.2;"
       "f.y-=2.8;"
       "f.zy=A(.75)*f.zy;"
       "b=mix(vec3(2,.75,0),vec3(2,2,0),smoothstep(0.,.45,length(f-vec3(0,.3,0))))*1.8;"
       "N=vec3(.01);"
       "O*=0.;"
     "}"
   "else if(e.y==10.)"
     "b=vec3(0,.05,0),O*=I;"
   "else if(e.y==9.)"
     "{"
       "vec3 f=d-s;"
       "f.x+=cos(.775+t)*3.1*.2;"
       "f.y-=2.8;"
       "f.zy=A(.75)*f.zy;"
       "b=mix(vec3(1)+.5,vec3(.75,.5,1),smoothstep(.5,1.1,length(f-vec3(0,.3,0))))*2.;"
       "N*=0.;"
       "O=pow(O,vec3(4))*I;"
     "}"
   "else if(e.y==11.)"
     "b=vec3(1),J*=vec3(.1)*I,Q*=vec3(.1)*I,K*=0.,N*=0.,O=pow(O,vec3(100))*I*2.;"
   "else if(e.y==12.)"
     "b=vec3(1,.01,.01)*.3,J*=vec3(3),Q*=vec3(2)*I*I,N*=0.,O=vec3(1,.3,.3)*pow(O,vec3(500))*5.;"
   "else if(e.y==2.)"
     "b=vec3(1,.7,.5),Q*=vec3(1,.75,.75),N=pow(N,vec3(.5,2.5,5)+2.)*2.,O=pow(O,vec3(4))*I*.02;"
   "J=clamp(mix((b*(Q+J*.5+K*2.+N*2.)+P+O*H+R)*C,A(f,i,C),smoothstep(90.,1e2,l)),0.,1.);"
   "if(e.y==0.)"
     "{"
       "float v=length(i)*.5,f=cos(atan(i.x,i.y)*15.-t*3.-v*30.*n.y);"
       "J=mix(J,mix(mix(vec3(1,.5,0),vec3(.8,.5,1),(cos(v*5.+t*5.)*.5+.5)*n.y),vec3(1),smoothstep(-v,v,f)),n.x);"
     "}"
   "e=A(t*5.)*vec2(abs(i.x*5.-.35)-1.8,i.y*5.-1.4);"
   "C=(1.4+.2*sin(t*20.))*smoothstep(.5,1.,n.x);"
   "J=pow(pow(mix(J,mix(vec3(1,.6,0),vec3(1,.2,0),smoothstep(-.1,.6,A(e,C*.5)))*1.3,smoothstep(0.,-.01,A(e,C))*n.x),vec3(1./2.2)),vec3(1,1.05,1.1));"
   "C=length(gl_FragCoord.xy/g.xx-vec2(.5,.3));"
   "G=max(.137,smoothstep(147.,146.,t));"
   "J*=smoothstep(G,G-.005,C);"
   "G=fract(23.*pow(C,.25));"
   "G-=smoothstep(.95,.99,G);"
   "J=mix(J,mix(vec3(1,.6,0),vec3(1,0,0),G),smoothstep(.135,.136,C)*smoothstep(147.,148.,t))*(smoothstep(0.,8.,t)*smoothstep(153.,150.,t));"
   "U=vec4(J/(1.+pow(length(v*2.-1.),4.)*.04),1);"
 "}";

const char *fxaa_frag =
 "#version 150\n"
 "out vec4 U;"
 "const vec2 O=vec2(1920,1080);"
 "uniform sampler2D k;"
 "void main()"
 "{"
   "vec2 v=1./O,i=gl_FragCoord.xy*v;"
   "vec4 f=vec4(i,i-v*.5);"
   "vec3 m=vec3(.299,.587,.114);"
   "float c=dot(textureLod(k,f.zw,0.).xyz,m),l=dot(textureLod(k,f.zw+vec2(1,0)*v.xy,0.).xyz,m),s=dot(textureLod(k,f.zw+vec2(0,1)*v.xy,0.).xyz,m),a=dot(textureLod(k,f.zw+vec2(1)*v.xy,0.).xyz,m),o=dot(textureLod(k,f.xy,0.).xyz,m);"
   "i=vec2(-c-l+s+a,c+s-l-a);"
   "float g=1./(min(abs(i.x),abs(i.y))+1./128.);"
   "i=min(vec2(8),max(vec2(-8),i*g))*v.xy;"
   "vec3 t=.5*(textureLod(k,f.xy+i*(1./3.-.5),0.).xyz+textureLod(k,f.xy+i*(2./3.-.5),0.).xyz),d=t*.5+.25*(textureLod(k,f.xy+i*-.5,0.).xyz+textureLod(k,f.xy+i*.5,0.).xyz);"
   "g=dot(d,m);"
   "U=g<min(o,min(min(c,l),min(s,a)))||g>max(o,max(max(c,l),max(s,a)))?"
     "vec4(t,1):"
     "vec4(d,1);"
 "}";

#endif // MOUTON_EXPECTED_
