int noinlinevar;
bool success()
{
  noinlinevar++;
  return true;
}
bool fail()
{
  noinlinevar++;
  return false;
}
bool ternary()
{
  return success();
}
bool ternary2()
{
  return success();
}
bool or()
{
  return true;
}
bool or2()
{
  return success();
}
bool or3()
{
  return success();
}
bool and()
{
  return success();
}
bool and2()
{
  return false;
}
bool and3()
{
  return success();
}
int foo()
{
  return 1;
}
int glo;
int sideEffect(int n)
{
  return glo+=n;
}
float ifStmtToExpr(float f)
{
  float r=f>0.?
    sideEffect(1):
    sideEffect(2),r2=f>1.?
    sideEffect(1):
    (sideEffect(99),sideEffect(2)),r3;
  if(f>1.)
    r3=sideEffect(1);
  else
     r3=sideEffect(2),sideEffect(99);
  return r+r2+r3;
}
