// Generated with  (https://github.com/laurentlb/Shader_Minifier/)
#ifndef EXTERNALS_EXPECTED_
# define EXTERNALS_EXPECTED_
# define VAR_e "I"
# define VAR_i "i"
# define VAR_n "J"

const char *externals_frag =
 "uniform int i,J,I;"
 "int H()"
 "{"
   "int J,I,F,G,H;"
   "return i;"
 "}"
 "int G()"
 "{"
   "int i,I,F,G,H;"
   "return J;"
 "}"
 "int F()"
 "{"
   "int i,F,G,J,H;"
   "return I;"
 "}";

#endif // EXTERNALS_EXPECTED_
