// Generated with  (https://github.com/laurentlb/Shader_Minifier/)
#ifndef EXTERNALS_EXPECTED_
# define EXTERNALS_EXPECTED_
# define VAR_e "t"
# define VAR_i "i"
# define VAR_n "n"

const char *externals_frag =
 "uniform int i,n,t;"
 "int r()"
 "{"
   "int n,t,r,u,e;"
   "return i;"
 "}"
 "int u()"
 "{"
   "int i,t,r,u,e;"
   "return n;"
 "}"
 "int e()"
 "{"
   "int i,r,u,n,e;"
   "return t;"
 "}";

#endif // EXTERNALS_EXPECTED_
