// Generated with  (https://github.com/laurentlb/Shader_Minifier/)
#ifndef EXTERNALS_PRESERVED_EXPECTED_
# define EXTERNALS_PRESERVED_EXPECTED_

const char *externals_frag =
 "uniform int i,n,e;"
 "int t()"
 "{"
   "int n,e,t,r,u;"
   "return i;"
 "}"
 "int r()"
 "{"
   "int i,e,t,r,u;"
   "return n;"
 "}"
 "int u()"
 "{"
   "int i,t,r,n,u;"
   "return e;"
 "}";

#endif // EXTERNALS_PRESERVED_EXPECTED_
