/* File generated with Shader Minifier 1.1.6
 * http://www.ctrl-alt-test.fr
 */
#ifndef FLOAT_FRAG_EXPECTED_
# define FLOAT_FRAG_EXPECTED_

const char *float_frag =
 "void main()"
 "{"
   "float e=1.5,r=3e-07,o=.42,a=0.,l=0.,g=-.002,i=2e-09,v=2e+06,c=2e+10,d=1./(e+r+o+a+l),f=1./(g*v*i*c);"
   "gl_FragColor=vec4(d,f,d,0.);"
 "}";

#endif // FLOAT_FRAG_EXPECTED_
