/* File generated with Shader Minifier 1.1.6
 * http://www.ctrl-alt-test.fr
 */

// tests/unit/float.frag
"void precision()"
 "{"
   "float a=1.2345e-07,b=1.234567891234,c=1234567.891234;"
 "}"
 "void main()"
 "{"
   "float f1=1.5,f2=3e-07,f3=.42,f4=0.,f5=0.,f6=-.002,f7=2e-09,f8=2000000.,f9=20000000000.;"
   "gl_FragColor=vec4(0.);"
 "}",
