// Generated with  (https://github.com/laurentlb/Shader_Minifier/)
#ifndef FUNCTION_OVERLOAD_EXPECTED_
# define FUNCTION_OVERLOAD_EXPECTED_

const char *function_overload_frag =
 "int h()"
 "{"
   "return 0;"
 "}"
 "int h(int l)"
 "{"
   "return h()+l;"
 "}"
 "int h(int i,int l)"
 "{"
   "return h(i)+l;"
 "}"
 "int h(int i,int l,int J)"
 "{"
   "return h(i,l)+J;"
 "}"
 "int h(int i,int l,int J,int I)"
 "{"
   "return h(i,l,J)+I;"
 "}"
 "int h(vec2 i)"
 "{"
   "return length(i);"
 "}"
 "int h(vec3 i)"
 "{"
   "return length(i);"
 "}"
 "int h(int l,vec2 i)"
 "{"
   "return length(i)+l;"
 "}"
 "int l(int l)"
 "{"
   "return l;"
 "}"
 "int l(int i,int h)"
 "{"
   "return l(i)*h;"
 "}"
 "int l(int i,int h,int J)"
 "{"
   "return l(i,h)*J;"
 "}";

#endif // FUNCTION_OVERLOAD_EXPECTED_
