// Generated with  (https://github.com/laurentlb/Shader_Minifier/)
#ifndef FUNCTION_OVERLOAD2_EXPECTED_
# define FUNCTION_OVERLOAD2_EXPECTED_

const char *function_overload_frag =
 "int h(int l,int f,int h,int i)"
 "{"
   "return l+f+h+i;"
 "}"
 "float h(vec2 l)"
 "{"
   "return length(l);"
 "}"
 "float h(vec3 l)"
 "{"
   "return length(l);"
 "}"
 "float h(int l,vec2 i)"
 "{"
   "return length(i)+float(l);"
 "}"
 "float h(float l,vec2 i)"
 "{"
   "return length(i)+l;"
 "}"
 "int h(int l,int i,int h)"
 "{"
   "return l*i*h;"
 "}"
 "void l(const int l,vec2 i)"
 "{}"
 "int l(float l,vec2 i)"
 "{"
   "return 0;"
 "}";

#endif // FUNCTION_OVERLOAD2_EXPECTED_
