// Generated with  (https://github.com/laurentlb/Shader_Minifier/)
#ifndef FUNCTION_OVERLOAD_NO_EXPECTED_
# define FUNCTION_OVERLOAD_NO_EXPECTED_

const char *function_overload_frag =
 "int h()"
 "{"
   "return 0;"
 "}"
 "int l(int l)"
 "{"
   "return h()+l;"
 "}"
 "int t(int i,int F)"
 "{"
   "return l(i)+F;"
 "}"
 "int M(int i,int l,int F)"
 "{"
   "return t(i,l)+F;"
 "}"
 "int L(int i,int l,int F,int G)"
 "{"
   "return M(i,l,F)+G;"
 "}"
 "float K(vec2 i)"
 "{"
   "return length(i);"
 "}"
 "float J(vec3 i)"
 "{"
   "return length(i);"
 "}"
 "float I(int i,vec2 l)"
 "{"
   "return length(l)+float(i);"
 "}"
 "float H(float l,vec2 i)"
 "{"
   "return length(i)+l;"
 "}"
 "int G(int l)"
 "{"
   "return l;"
 "}"
 "int F(int i,int l)"
 "{"
   "return G(i)*l;"
 "}"
 "int E(int i,int l,int G)"
 "{"
   "return F(i,l)*G;"
 "}";

#endif // FUNCTION_OVERLOAD_NO_EXPECTED_
