// Generated with  (https://github.com/laurentlb/Shader_Minifier/)
#ifndef FUNCTION_OVERLOAD_NO_EXPECTED_
# define FUNCTION_OVERLOAD_NO_EXPECTED_

const char *function_overload_frag =
 "int h()"
 "{"
   "return 0;"
 "}"
 "int l(int l)"
 "{"
   "return h()+l;"
 "}"
 "int K(int i,int D)"
 "{"
   "return l(i)+D;"
 "}"
 "int J(int i,int l,int D)"
 "{"
   "return K(i,l)+D;"
 "}"
 "int I(int i,int l,int D,int E)"
 "{"
   "return J(i,l,D)+E;"
 "}"
 "int H(vec2 i)"
 "{"
   "return length(i);"
 "}"
 "int G(vec3 i)"
 "{"
   "return length(i);"
 "}"
 "int F(int l,vec2 i)"
 "{"
   "return length(i)+l;"
 "}"
 "int E(int i)"
 "{"
   "return i;"
 "}"
 "int D(int i,int l)"
 "{"
   "return E(i)*l;"
 "}"
 "int C(int i,int l,int E)"
 "{"
   "return D(i,l)*E;"
 "}";

#endif // FUNCTION_OVERLOAD_NO_EXPECTED_
