// Generated with  (https://github.com/laurentlb/Shader_Minifier/)
#ifndef FUNCTION_OVERLOAD_EXPECTED_
# define FUNCTION_OVERLOAD_EXPECTED_

const char *function_overload_frag =
 "int H()"
 "{"
   "return 0;"
 "}"
 "int H(int G)"
 "{"
   "return H()+G;"
 "}"
 "int H(int i,int G)"
 "{"
   "return H(i)+G;"
 "}"
 "int H(int i,int G,int E)"
 "{"
   "return H(i,G)+E;"
 "}"
 "int H(int i,int G,int E,int D)"
 "{"
   "return H(i,G,E)+D;"
 "}"
 "int G(int G)"
 "{"
   "return G;"
 "}"
 "int G(int i,int H)"
 "{"
   "return G(i)*H;"
 "}"
 "int G(int i,int H,int E)"
 "{"
   "return G(i,H)*E;"
 "}";

#endif // FUNCTION_OVERLOAD_EXPECTED_
