/* File generated with Shader Minifier 1.1.6
 * http://www.ctrl-alt-test.fr
 */
#ifndef HEXA_FRAG_EXPECTED_
# define HEXA_FRAG_EXPECTED_

const char *hexa_frag =
 "void main()"
 "{"
   "float f=float(255)/1000.,r=float(-255)/1000.,o=f-r+float(0);"
   "gl_FragColor=vec4(.2,.4,f,0.);"
 "}";

#endif // HEXA_FRAG_EXPECTED_
