float inl1()
{
  float f=42.;
  return f+2.*f;
}
float inl2(float x)
{
  float f=123456789.;
  if(x>2.*f)
    return 100.;
  if(x>f)
    return 101.;
  return 102.;
}
float inl3()
{
  const float f=acos(-1.);
  return 2.*f*.75;
}
float inl4()
{
  const float f=acos(-1.);
  return 2.*f*.75;
}
float inl5()
{
  return 579.;
}
const float bar=acos(-1.),baz=2.*bar;
float inl6()
{
  return 2.*baz;
}
void notevil(float x)
{
  x=42.;
}
float inl7()
{
  float f=101.;
  notevil(f);
  return f;
}
int inl8(ivec3 x)
{
  int i=1;
  x[i]+=1;
  return x[i]+i;
}
float noinl1()
{
  float f=42.;
  f=101.;
  return f;
}
float noinl2()
{
  float f=42.;
  f++;
  return f;
}
float noinl3()
{
  float f=42.;
  if(acos(-1.)<3.)
    f=101.;
  return f;
}
float noinl4()
{
  float f=42.;
  for(f=0.;false;)
    ;
  return f;
}
float noinl5()
{
  float f=42.;
  for(;false;f++)
    ;
  return f;
}
float noinl6(float x)
{
  float f=x+1.;
  x=100.;
  return f+2.;
}
float noinl7(const float x)
{
  return x+1.2;
}
float quux=1.;
float noinl8()
{
  return quux+2.;
}
float noinl9(float x)
{
  float bar=x+1.;
  x=100.;
  return bar+2.;
}
void evil(inout float x)
{
  x=42.;
}
float noinl10()
{
  float f=101.;
  evil(f);
  return f;
}
int noinl11(ivec3 x)
{
  int i=1;
  x[i++]+=1;
  return x[i]+i;
}
int noinl12()
{
  int i=10;
  while(--i>0)
    ;
  return 1;
}
