#version 420

float result;
void main()
{
  float x=.5;
  x*=.6*x;
  result=x;
}
int arithmetic()
{
  return 40;
}
int vars(int arg,int arg2)
{
  return arg*(arg+arg2);
}
int arithmetic2()
{
  int a=2,b=3;
  b+=a;
  return 4*a*b;
}
int unusedVars()
{
  int a=10;
  return a*3;
}
int unusedVars2()
{
  int var1=1,var2=2,var3=3,var4=4;
  var3=5;
  var2=12;
  return var1+var3+var2;
}
int multiPass()
{
  int one=2;
  return one+1;
}
float multiPass2()
{
  return 9.;
}
layout(binding=0) uniform atomic_uint hydrogen;
uint builtin_with_or_without_side_effects(uint x)
{
  uint not_inlined=atomicCounterIncrement(hydrogen),inlined=max(x*x,x+1);
  atomicCounterIncrement(hydrogen);
  return x+inlined+not_inlined;
}
float dmin(float a,float b)
{
  return a+b+a*b;
}
float reduce_consecutive_assignments(float x)
{
  float dmat=dmin(dmin(dmin(dmin(dmin(34.+x,.2),.2),.3),.4),.2);
  dmat+=dmat*dmat;
  return dmat+x;
}
int dont_inline_lvalue()
{
  int a=2;
  return 3;
}
vec4 fragColor247;
const float t247=3.;
void main247()
{
  fragColor247=vec4(t247);
}
vec4 fragColor248;
void main248()
{
  float t=3.;
  fragColor248=vec4(t);
}
float arr[]=float[](3.4,4.2);
void lvalues()
{
  int a=1;
  arr[a]=2.;
}
uniform int time;
flat in int sync;
int dependOnConst()
{
  int x=(time+sync)*2;
  return x*3;
}
float noinl179(float x)
{
  float old=x;
  x=1e2;
  return old+x;
}
float inlineWithShadowing(float x)
{
  float inl=sin(2.5);
  if(x<0.)
    {
      float inl=3.4;
      inl++;
    }
  return inl;
}
float glo;
float noinline_readsTheGlobal()
{
  return glo;
}
float dontCompressAssigments()
{
  glo=10.;
  glo=50.+noinline_readsTheGlobal();
  return glo*glo;
}
vec3 repro(vec2 fragCoord)
{
  float time=iTime+(fragCoord.xy/(fragCoord*2.).xy).x*10.;
  vec3 long_and_used_only_once=vec3((fragCoord.y+sin(time*.5)*.4-fragCoord.x+time*.5)*normalize(vec3(0,0,1))),col=long_and_used_only_once,sky=col+long_and_used_only_once,camera=long_and_used_only_once;
  vec4 cc=camera-long_and_used_only_once;
  sky+=pow(max(dot(sky,long_and_used_only_once),0.),20.)*.03;
  col=dot(col+mix(sky,cc.xyz,cc.w)+camera,long_and_used_only_once);
  return col+pow(max(dot(sky,long_and_used_only_once),0.),6.)*.2;
}
