/* File generated with 
 * http://www.ctrl-alt-test.fr
 */
#ifndef LOOP_FRAG_EXPECTED_
# define LOOP_FRAG_EXPECTED_

const char *loop_frag =
 "float r()"
 "{"
   "return 0.;"
 "}"
 "void main()"
 "{"
   "float a,f;"
   "for(float c=0;c<50.;++c)"
     "a+=cos(c);"
   "for(f=0;f<50.;++f)"
     "a+=cos(a);"
   "for(f=a;f<50.;f++)"
     "a+=cos(a);"
   "for(f=a;f<50.;f++)"
     ";"
   "for(f=a;f<50.;)"
     "{"
       "a+=cos(a);"
       "float c=r();"
       "f+=c;"
     "}"
   "for(f=a;f<50.;)"
     "{"
       "if(a<f)"
         "continue;"
       "f++;"
     "}"
   "for(f=a;f<50.;)"
     "{"
       "if(a<f)"
         "a=f;"
       "else"
         " continue;"
       "f++;"
     "}"
   "for(;f<50.;++f)"
     "a+=cos(f);"
 "}";

#endif // LOOP_FRAG_EXPECTED_
