// Generated with  (https://github.com/laurentlb/Shader_Minifier/)
#ifndef SHADER_MINIFIER_IMPL
#ifndef SHADER_MINIFIER_HEADER
# define SHADER_MINIFIER_HEADER
#endif

#else // if SHADER_MINIFIER_IMPL

// tests/unit/many_variables.frag
"int L(float L,float K,float J,float I,float H,float G,float F,float E,float D,float C,float B,float A)"
 "{"
   "float M=L,f=K,N=J,O=I,P=H,Q=G;"
   "int R=1,S=2,T=3,U=4,V=5,W=6,X=7,Y=8;"
   "float Z=F,_=E,a=D,b=C,c=B,d=A;"
   "int e=1,g=2,h=3,i=4,j=5,k=6,l=7,m=8;"
   "float n=0.;"
   "int o=1,p=2,q=3,r=4,s=5,t=6,u=7,v=8;"
   "float w=0.;"
   "int x=1,y=2,z=3,at=4,aa=5,ab=6,ac=7,aA=8;"
   "return Y+m+v+aA;"
 "}",

#endif
