/* File generated with 
 * http://www.ctrl-alt-test.fr
 */

// tests/unit/many_variables.frag
"int t(float t,float o,float l,float f,float a,float n,float r,float i,float u,float e,float Z,float Y)"
 "{"
   "float X=t,W=o,V=l,U=f,T=a,S=n,R,Q,P,O,N,M,L,K;"
   "int J=1,I=2,H=3,G=4,F=5,E=6,D=7,C=8,B,A,z,y,x,w,v,s,q,p,m,k,j,h,g,d,c,b,at,aa,ab,ac,ad,ae;"
   "R=r;"
   "Q=i;"
   "P=u;"
   "O=e;"
   "N=Z;"
   "M=Y;"
   "B=1;"
   "A=2;"
   "z=3;"
   "y=4;"
   "x=5;"
   "w=6;"
   "v=7;"
   "s=8;"
   "L=0.;"
   "q=1;"
   "p=2;"
   "m=3;"
   "k=4;"
   "j=5;"
   "h=6;"
   "g=7;"
   "d=8;"
   "K=0.;"
   "c=1;"
   "b=2;"
   "at=3;"
   "aa=4;"
   "ab=5;"
   "ac=6;"
   "ad=7;"
   "ae=8;"
   "return C+s+d+ae;"
 "}",
