/* File generated with Shader Minifier 1.1.6
 * http://www.ctrl-alt-test.fr
 */
#ifndef NUMBERS_FRAG_EXPECTED_
# define NUMBERS_FRAG_EXPECTED_

const char *numbers_frag =
 "void main()"
 "{"
   "float f=float(34)/1000.,r=float(-57)/1000.;"
   "int m=65535,o=-65536;"
   "float a=f-r+float(0)+float(m+o)/20.;"
   "gl_FragColor=vec4(a,a,a,0.);"
 "}";

#endif // NUMBERS_FRAG_EXPECTED_
