// Generated with  (https://github.com/laurentlb/Shader_Minifier/)

// tests/unit/operators.frag
"#version 330\n"
 "void main()"
 "{"
   "int a=11,b=7,c=2;"
   "float f=2.621464704,g,z;"
   "f=1.4/3.;"
   "g=mod(8.,3.);"
   "z=122121;"
 "}"
 "int no_parens(int a,int b,int c)"
 "{"
   "return b+c+a+a+b*c;"
 "}"
 "int no_parens2(int a,int b,int c)"
 "{"
   "int d=b*c*a;"
   "return a-b+1-d+c;"
 "}"
 "int other(int a,int b,int c,int d)"
 "{"
   "return a*b*(c*d)*(a*b);"
 "}",
