/* File generated with Shader Minifier 1.1.6
 * http://www.ctrl-alt-test.fr
 */
#ifndef OVERLOAD_FRAG_EXPECTED_
# define OVERLOAD_FRAG_EXPECTED_

const char *overload_frag =
 "float n()"
 "{"
   "return.1;"
 "}"
 "float m()"
 "{"
   "return.2;"
 "}"
 "float m(int m)"
 "{"
   "return.3;"
 "}"
 "float n(float m)"
 "{"
   "return.4;"
 "}"
 "float t(bool m)"
 "{"
   "return.5;"
 "}"
 "float m(int m,int n)"
 "{"
   "return.6;"
 "}"
 "float m(int m,int n,int t,int e)"
 "{"
   "return.7;"
 "}"
 "void main()"
 "{"
   "float t=m()+2.*m(0),i=2.*n(1)-n(),r=m(true)+m(0,1)-m(0,1,2,3);"
   "gl_FragColor=vec4(t,i,r,0.);"
 "}";

#endif // OVERLOAD_FRAG_EXPECTED_
