// Generated with  (https://github.com/laurentlb/Shader_Minifier/)
#ifndef OVERLOAD_EXPECTED_
# define OVERLOAD_EXPECTED_
# define VAR_ZH "t"
# define VAR__V "x"
# define VAR_a_ "i"
# define VAR_stopinlining "v"

const char *overload_frag =
 "#version 330\n"
 "uniform sampler2D x;"
 "uniform vec2 i;"
 "in vec2 t;"
 "out float v;"
 "float h()"
 "{"
   "return v+.1;"
 "}"
 "float f()"
 "{"
   "return v+.2;"
 "}"
 "float h(int t)"
 "{"
   "return v+.3;"
 "}"
 "float f(float t)"
 "{"
   "return v+.4;"
 "}"
 "float f(bool t)"
 "{"
   "return v+.5;"
 "}"
 "float f(int t,int f)"
 "{"
   "return v+.6;"
 "}"
 "float f(int t,int f,int x,int h)"
 "{"
   "return v+.7;"
 "}"
 "float f(sampler2D t,float v)"
 "{"
   "return texelFetch(t,ivec2(255.*v)%256,0).x;"
 "}"
 "float f(sampler2D t,vec2 v)"
 "{"
   "return texelFetch(t,ivec2(255.*v)%256,0).x;"
 "}"
 "float f(sampler2D t,vec3 v)"
 "{"
   "float f=texelFetch(t,ivec2(255.*v.yz)%256,0).x;"
   "return texelFetch(t,ivec2(255.*v.x,255.*f)%256,0).x;"
 "}"
 "void main()"
 "{"
   "float v=0.,r=f(true)+f(0,1)-f(0,1,2,3),C=f(x,i*t);"
   "gl_FragColor=vec4(h()+2.*h(0),2.*f(1.2)-f(),r,C+v++);"
 "}";

#endif // OVERLOAD_EXPECTED_
