/* File generated with Shader Minifier 1.1.6
 * http://www.ctrl-alt-test.fr
 */
#ifndef RENAME_CONFLICT_FRAG_EXPECTED_
# define RENAME_CONFLICT_FRAG_EXPECTED_

const char *rename_conflict_frag =
 "int r(int r,int n)"
 "{"
   "return r+1;"
 "}"
 "int r()"
 "{"
   "r(0);"
 "}"
 "int r(int n,int t,int i)"
 "{"
   "return n+r();"
 "}";

#endif // RENAME_CONFLICT_FRAG_EXPECTED_
