float simple_var_decl_reuse(float x)
{
  float a=1.+x;
  int b=3+int(x);
  vec3 sep=vec3(0);
  int b2=5+int(a);
  float c=a;
  sep+=vec3(0);
  a=9.+a;
  int d=3+b+b2;
  sep+=vec3(0);
  b2=d+b2-b;
  float e=c*a;
  sep+=vec3(0);
  c=4.-c-a;
  b=3*d*b2;
  sep+=vec3(0);
  d=4/b2-d;
  a=e-float(b)+c;
  b2=int(4.-a+c+e);
  int h=3*b-d;
  sep+=vec3(0);
  d=7*d-b;
  return length(sep)+float(h*d)*a*float(b2)*x+float(b2/d-h);
}
float multidecl_var_decl_reuse(float x)
{
  float a=1.+x;
  int b=3+int(x),b2=5+int(a);
  a=a;
  float c2=9.+a;
  b=3+b+b2;
  b2=d+b2-b;
  c2=a*c2;
  a=4.-a-c2;
  b=3*b*b2;
  b2=4/b2-b;
  c2=c2-float(b)+a;
  a=4.-g+a+c2;
  b=3*b-b2;
  b2=7*b2-b;
  return float(b*b2)*c2*a*x+a/float(b2-b);
}
