float f(float g)
{
  g=0.;
  return g+++ ++g+g;
}
float g(float f)
{
  {
    f++;
    float f=f+1.+9.;
  }
  return f;
}

#define noinline_random 4

int m1()
{
  if(noinline_random>3)
    return 2;
}
struct S{int x;};
S m2()
{
  return S(0);
}
int m4(int k)
{
  return k;
}
float glo;
void m6()
{
  glo+=171.;
}
