/* File generated with Shader Minifier 1.1.6
 * http://www.ctrl-alt-test.fr
 */
#ifndef SMOOTHSTEP_FRAG_EXPECTED_
# define SMOOTHSTEP_FRAG_EXPECTED_

const char *smoothstep_frag =
 "void main()"
 "{"
   "vec2 o=-1.+2.*gl_FragCoord.xy/resolution.xy;"
   "float f=sqrt(dot(o,o));"
   "f=smoothstep(0.,1.,f);"
   "ao=smoothstep(0.,.4,f)-smoothstep(.4,.7,f);"
   "float m=smoothstep(-.1,.1,ref.y);"
 "}";

#endif // SMOOTHSTEP_FRAG_EXPECTED_
