#version 460

struct r{float e;vec3 k;float M;};
r i;
uniform MyInterfaceBlock{r m;};
r n()
{
  return i;
}
int n(r B)
{
  return 1;
}
int t()
{
  r s;
  s.e=1.;
  s.M=s.e/2.;
  s=r(1.,vec3(1),s.M);
  struct{r B;} L;
  for(r L;true;)
    break;
  for(struct{r B;} L;true;)
    break;
  return int(s.k.x+L.B.e+m.M);
}
struct{r B;} I;
float n(vec4 s)
{
  float L=s.x-4.;
  return s.w+L*L;
}
struct O{int N;int L;};
struct K{int N;int J;int L;};
O f;
K s;
void main()
{
  f.N=1;
  f.L=2;
  s.N=3;
  s.J=4;
  s.L=5;
}
struct F{int N;int L;} E;
