#version 460

struct r{float e;vec3 k;float M;};
r i;
uniform MyInterfaceBlock{r m;};
r n()
{
  return i;
}
int n(r i)
{
  return 1;
}
int t()
{
  r s;
  s.e=1.;
  s.M=s.e/2.;
  s=r(1.,vec3(1),s.M);
  struct{r i;} f;
  for(r i;true;)
    break;
  for(struct{r A;} i;true;)
    break;
  return int(s.k.x+f.i.e+m.M);
}
struct{r B;} I;
float n(vec4 s)
{
  float i=s.x-4.;
  return s.w+i*i;
}
struct O{int N;int L;};
struct K{int J;int H;int G;};
O f;
K s;
void main()
{
  f.C=1;
  f.A=2;
  s.C=3;
  s.H=4;
  s.A=5;
}
struct D{int C;int A;} E;
