#version 460

struct r{float e;vec3 k;float M;};
r i;
uniform MyInterfaceBlock{r B;};
r t()
{
  return i;
}
int t(r i)
{
  return 1;
}
int I()
{
  r i;
  i.e=1.;
  i.M=i.e/2.;
  i=r(1.,vec3(1),i.M);
  struct{r B;} O;
  for(r i;true;)
    break;
  for(struct{r P;} i;true;)
    break;
  return int(i.k.x+O.B.e);
}
struct{r P;} O;
float I(vec4 i)
{
  float O=i.x-4.;
  return i.w+O*O;
}

