void h()
{
  switch(42){
    case 42:
      break;
  }
}

#define GOOD 42

void G()
{
  switch(42){
    case GOOD:
      break;
  }
}
void G(int G)
{
  switch(G){
    case 0:
      break;
  }
}
void h(int G)
{
  switch(G+42){
    case 0:
      break;
  }
}
float D()
{
  switch(42){
    case 42:
      float G=4.2;
      float k=2.4;
      return G+k;
    case 43:
      float D=4.3;
      return D+3.4;
    default:
      return 0.;
  }
}
